AST {
  Path:
  Source length: 147 characters
  Root: source_file
  Tree Structure:
  source_file
    expression_statement
      var_decl
        variable
        binary_expr
          variable
          literal
    token
    expression_statement
      var_decl
        variable
        binary_expr
          literal
          literal
    token
    expression_statement
      var_decl
        variable
        array_ref
          literal
          literal
    token
    expression_statement
      var_decl
        variable
        literal
    token
}
