AST {
  Path:
  Source length: 147 characters
  Root: source_file
  Tree Structure:
  source_file
    expression_statement
      var_decl
        variable
        literal
    token
    expression_statement
      var_decl
        variable
        literal
    token
    expression_statement
      var_decl
        variable
        literal
    token
    expression_statement
      var_decl
        variable
        literal
    token
}
