AST {
  Path:
  Source length: 169 characters
  Root: source_file
  Tree Structure:
  source_file
    conditional_statement
      expression_stmt
        literal
      token
      scalar
        token
        token
      token
      block_stmt
        token
        expression_stmt
          literal
        token
        token
      elsif
        expression_stmt
          literal
        token
        scalar
          token
          token
        token
        block_stmt
          token
          expression_stmt
            literal
          token
          token
        else
          expression_stmt
            literal
          block_stmt
            token
            expression_stmt
              literal
            token
            token
    for_statement
      expression_stmt
        literal
      token
      scalar
        token
        token
      token
      binary_expression
        token
        expression_stmt
          literal
        token
      token
      block_stmt
        token
        expression_stmt
          literal
        token
        token
    loop_statement
      expression_stmt
        literal
      token
      scalar
        token
        token
      token
      block_stmt
        token
        expression_stmt
          literal
        token
        token
}
