AST {
  Path:
  Source length: 115 characters
  Type Annotations:
    SubParamAnnotation: $a :: Int at 6:13
    SubParamAnnotation: $b :: Int at 6:21
  Root: source_file
  Tree Structure:
  source_file
    sub_decl
      block_stmt
        token
        var_decl
          variable
          literal
        token
        return_stmt
          literal
        token
        token
    sub_decl
      type_expr
      block_stmt
        token
        return_stmt
          literal
        token
        token
}
