Building tree-sitter-typed-perl parser...
cd tree-sitter-typed-perl && make generate
make[1]: Entering directory '/home/perigrin/dev/pvm/tree-sitter-typed-perl'
make[1]: Nothing to be done for 'generate'.
make[1]: Leaving directory '/home/perigrin/dev/pvm/tree-sitter-typed-perl'
Tree-sitter-typed-perl build complete
Installing development tools...
go install golang.org/x/tools/cmd/stringer@latest
go install github.com/matryer/moq@latest
go install gotest.tools/gotestsum@latest
go install honnef.co/go/tools/cmd/staticcheck@latest
go install golang.org/x/vuln/cmd/govulncheck@latest
go install golang.org/x/tools/cmd/godoc@latest
Development tools installed successfully
Running tests with 25 parallel workers...
∅  cmd/psc
∅  cmd/pvi
∅  cmd/pvm
∅  cmd/pvx
∅  internal/cache
✓  internal/core (cached)
✓  internal/diagnostics (cached)
✓  internal/astnav (cached)
✓  internal/integration (cached)
✓  internal/cli (cached)
✓  internal/log (cached)
✓  internal/mcp/generation (cached)
✓  internal/lsp (cached)
✓  internal/binder (cached)
✓  internal/ast (cached)
✓  internal/errors (cached)
✓  internal/cpan (cached)
✓  internal/mcp (cached)
✓  internal/compiler (cached)
✓  internal/ls (cached)
✓  internal/config (cached)
✓  internal/mcp/embeddings (cached)
∅  internal/parallel
✓  internal/monitoring (cached)
✓  internal/memory (cached)
✖  internal/mcp/validation (41ms)
✖  internal/mcp/tools (126ms)
✓  internal/performance (cached)
✓  internal/parser/treesitter (cached)
✓  internal/perl (cached)
∅  internal/pvi
∅  internal/pvm
∅  internal/testing
∅  scripts
✓  internal/version (cached)
✓  internal/xdg (cached)
✓  internal/scanner (cached)
✓  internal/pvi/modules (cached)
✓  internal/pvx (cached)
✓  internal/traits (cached)
✓  internal/typedef (cached)
✓  internal/pvi/deps (cached)
✖  internal/typechecker (219ms)
∅  test/e2e/helpers
✖  internal/psc (1.525s)
✖  internal/parser (2.08s)
✓  test (4.716s)
✖  test/e2e (31.616s)

=== Skipped
=== SKIP: internal/compiler TestASTCompilerCorrectness/complex_parameterized_types (0.00s)
    ast_compiler_test.go:140: Expected output not defined yet

=== SKIP: internal/compiler TestASTCompilerCorrectness/mixed_typed_untyped_params (0.00s)
    ast_compiler_test.go:140: Expected output not defined yet

=== SKIP: internal/compiler TestASTCompilerCorrectness/nested_union_types (0.00s)
    ast_compiler_test.go:140: Expected output not defined yet

=== SKIP: internal/compiler TestASTCompilerCorrectness/intersection_and_negation (0.00s)
    ast_compiler_test.go:140: Expected output not defined yet

=== SKIP: internal/compiler TestASTCompilerCorrectness/field_declarations (0.00s)
    ast_compiler_test.go:140: Expected output not defined yet

=== SKIP: internal/compiler TestASTCompilerCorrectness/type_declarations (0.00s)
    ast_compiler_test.go:140: Expected output not defined yet

=== SKIP: internal/compiler TestASTCompilerCorrectness/type_assertions (0.00s)
    ast_compiler_test.go:140: Expected output not defined yet

=== SKIP: internal/compiler TestASTCompilerCorrectness/multiline_signature (0.00s)
    ast_compiler_test.go:140: Expected output not defined yet

=== SKIP: internal/compiler TestASTCompilerCorrectness/attributes_with_signature (0.00s)
    ast_compiler_test.go:140: Expected output not defined yet

=== SKIP: internal/compiler TestASTCompilerCorrectness/method_declaration (0.00s)
    ast_compiler_test.go:140: Expected output not defined yet

=== SKIP: internal/compiler TestASTCompilerCorrectness/field_with_initialization (0.00s)
    ast_compiler_test.go:140: Expected output not defined yet

=== SKIP: internal/compiler TestASTCompilerCorrectness/complex_typed_variables (0.00s)
    ast_compiler_test.go:140: Expected output not defined yet

=== SKIP: internal/compiler TestASTCompilerCorrectness/for_loop_with_complex_types (0.00s)
    ast_compiler_test.go:140: Expected output not defined yet

=== SKIP: internal/config TestMergeConfigs (0.00s)
    parser_test.go:428: MergeConfigs function not used - direct merging preferred

=== SKIP: internal/config TestHotReloader_SuccessfulReconfiguration (0.00s)
    reload_test.go:189: Requires file system setup for full integration test

=== SKIP: internal/ls TestLargeFilePerformance (0.00s)
    integration_test.go:313: Skipping large file test in short mode

=== SKIP: internal/mcp TestMCPServer_PerformanceRegression (0.00s)
    performance_benchmark_test.go:115: Skipping performance regression test in short mode

=== SKIP: internal/mcp TestMCPServer_MemoryUsage (0.00s)
    performance_benchmark_test.go:176: Skipping memory usage test in short mode

=== SKIP: internal/mcp TestMCPServer_GoroutineLeak (0.00s)
    performance_benchmark_test.go:246: Skipping goroutine leak test in short mode

=== SKIP: internal/parser TestAdvancedConstraintParsing (0.00s)
    advanced_constraints_test.go:61: Advanced constraint syntax (generic types <T>, where clauses, protocol constraints) not yet implemented - skipping until features are added

=== SKIP: internal/parser TestConstraintTestDataFiles (0.00s)
    advanced_constraints_test.go:221: Advanced constraint syntax not yet implemented - skipping constraint test data files

=== SKIP: internal/parser TestConstraintParsingErrorRecovery (0.00s)
    advanced_constraints_test.go:270: Constraint 'where' syntax not yet supported by tree-sitter-typed-perl grammar

=== SKIP: internal/parser TestConstraintInheritance (0.00s)
    advanced_constraints_test.go:275: Advanced constraint syntax (where clauses, constraint inheritance) not yet implemented - skipping until features are added

=== SKIP: internal/parser TestClassDeclarationParsing (0.00s)
    classes_roles_test.go:14: Class declaration syntax not yet implemented - skipping until grammar supports class/role declarations

=== SKIP: internal/parser TestComprehensiveClassRoleIntegration (0.00s)
    classes_roles_test.go:144: Comprehensive integration test disabled - all_features_combined.json removed as hypothetical

=== SKIP: internal/parser TestComplexTypesFromTestData (0.00s)
    complex_types_test.go:423: Complex types tests now covered by TestRunMarkdownTestsByCategory - JSON files removed to avoid duplication

=== SKIP: internal/parser TestComprehensiveIntegration_LargePrograms (0.00s)
    comprehensive_integration_test.go:141: Skipping large program tests in short mode

=== SKIP: internal/parser TestComprehensiveIntegration_SaveResults (0.00s)
    comprehensive_integration_test.go:202: Skipping result saving in short mode

=== SKIP: internal/parser TestControlFlowStructures (0.00s)
    control_flow_test.go:17: Control flow tests now covered by TestRunMarkdownTestsByCategory - JSON files removed to avoid duplication

=== SKIP: internal/parser TestBasicExpressions (0.00s)
    expressions_test.go:15: Expression tests now covered by TestRunMarkdownTestsByCategory - JSON files removed to avoid duplication

=== SKIP: internal/parser TestMethodFieldAnnotations (0.00s)
    methods_fields_test.go:13: Method and field annotation tests now covered by TestRunMarkdownTestsByCategory - JSON files removed to avoid duplication

=== SKIP: internal/parser TestParameterizedTypes (0.00s)
    parameterized_types_test.go:13: Parameterized type tests now covered by TestRunMarkdownTestsByCategory - JSON files removed to avoid duplication

=== SKIP: internal/parser TestParseMethodTypeAnnotations (0.00s)
    parser_test.go:299: Method return type annotations have tree-sitter parsing conflicts with empty parentheses - needs grammar fix

=== SKIP: internal/parser TestParseTypeDeclarations (0.00s)
    parser_test.go:430: Type declarations not yet supported by tree-sitter-typed-perl grammar

=== SKIP: internal/parser TestParser_PerformanceValidation (0.00s)
    performance_regression_test.go:51: Skipping performance validation in short mode

=== SKIP: internal/parser TestParser_MemoryStability (0.00s)
    performance_regression_test.go:105: Skipping memory stability test in short mode

=== SKIP: internal/parser TestParser_PerformanceBaselines (0.00s)
    performance_regression_test.go:155: Skipping baseline update (set UPDATE_PERFORMANCE_BASELINES=1 to run)

=== SKIP: internal/parser TestParser_StressTest (0.00s)
    performance_regression_test.go:188: Skipping stress test in short mode

=== SKIP: internal/parser TestStep6_TypedPerlPerformanceValidation (0.00s)
    performance_validation_test.go:391: Skipping Step 6 performance validation in short mode

=== SKIP: internal/parser TestSimpleTypeAnnotations (0.00s)
    simple_type_annotations_test.go:13: Simple type annotation tests now covered by TestRunMarkdownTestsByCategory - JSON files removed to avoid duplication

=== SKIP: internal/parser TestStep6_PerformanceBaseline (0.00s)
    step6_integration_test.go:24: Skipping baseline generation in short mode

=== SKIP: internal/parser TestStep6_RealWorldPerformance (0.00s)
    step6_integration_test.go:114: Skipping real-world tests in short mode

=== SKIP: internal/parser TestStep6_MemoryStressTest (0.00s)
    step6_integration_test.go:332: Skipping memory stress test in short mode

=== SKIP: internal/parser TestToolIntegration_PerformanceWithTools (0.00s)
    tool_integration_test.go:231: Skipping performance tests in short mode

=== SKIP: internal/parser TestTypeConstraints (0.00s)
    type_assertions_test.go:145: Type constraint syntax (where clauses) not yet implemented - skipping until grammar supports constraint parsing

=== SKIP: internal/parser TestUnionTypes (0.00s)
    union_types_test.go:13: Union type tests now covered by TestRunMarkdownTestsByCategory - JSON files removed to avoid duplication

=== SKIP: internal/perl TestBuildManagerIntegration (0.00s)
    build_enhanced_test.go:396: Skipping integration test in short mode

=== SKIP: internal/perl TestGenerateShims (0.00s)
    shim_test.go:230: This functionality is covered by TestRehash

=== SKIP: internal/psc TestLargePerlFile (0.00s)
    check_command_test.go:416: Skipping large file test in short mode

=== SKIP: internal/psc TestPerformanceWithLargeFile (0.00s)
    check_integration_test.go:245: Skipping performance test in short mode

=== SKIP: internal/psc TestEnhancedTypeGeneration (1.21s)
    def_command_test.go:125: Skipping test: required Perl modules not available (JSON, Module::Load, Class::Inspector)

=== SKIP: internal/psc TestTypeGenerationWithMoose (0.18s)
    def_command_test.go:185: Moose not available, skipping test

=== SKIP: internal/pvi/modules TestInstallModule_Basic (0.00s)
    installer_test.go:91: Mock expectations may be inconsistent with implementation changes - skipping

=== SKIP: internal/pvx TestPVXCommand/IntegrationWithExecutor (0.00s)
    command_test.go:38: Skipping integration test until proper mocking can be set up

=== SKIP: internal/pvx TestPVXCommand/InlineCodeExecution (0.00s)
    command_test.go:72: Skipping inline code test until proper mocking can be set up

=== SKIP: internal/scanner TestTokenPoolManager_PerformanceComparison (0.00s)
    token_pool_test.go:342: Skipping performance test in short mode

=== SKIP: internal/scanner TestTokenPoolManager_LargeFileSimulation (0.00s)
    token_pool_test.go:389: Skipping large file test in short mode

=== SKIP: internal/typechecker TestTypeChecker_Baselines (0.00s)
    sampling.go:26: Skipping test in short mode (not selected in 10% sample)

=== SKIP: internal/typechecker TestNewInferenceEngine (0.00s)
    sampling.go:26: Skipping test in short mode (not selected in 10% sample)

=== SKIP: internal/typechecker TestPooledTypeCheckerFactory_CreateTypeChecker (0.00s)
    sampling.go:26: Skipping test in short mode (not selected in 10% sample)

=== SKIP: internal/typedef TestUnionTypeCompatibilityChecking (0.00s)
    union_test.go:173: Union type compatibility checking requires full type system implementation

=== SKIP: test/e2e TestComponentInteraction_PSC_PVI_TypeDefinitions (0.00s)
    component_interaction_test.go:18: Skipping test that requires typed Perl module support

=== SKIP: test/e2e TestComponentInteraction_PSC_PVX_ErrorPropagation (0.00s)
    component_interaction_test.go:162: Skipping test that requires typed Perl syntax support

=== SKIP: test/e2e TestComponentInteraction_PVI_PVX_ModuleInstallation (0.00s)
    component_interaction_test.go:203: Skipping module installation test in short mode

=== SKIP: test/e2e TestComponentInteraction_PerformanceOptimizations (0.00s)
    component_interaction_test.go:257: Skipping test that requires typed Perl syntax and --optimize flag

=== SKIP: test/e2e TestComponentInteraction_ConcurrentOperations (0.00s)
    component_interaction_test.go:317: Skipping test that requires typed Perl syntax

=== SKIP: test/e2e TestComponentInteraction_MemoryManagement (0.00s)
    component_interaction_test.go:364: Skipping test that requires typed Perl syntax

=== SKIP: test/e2e TestComprehensiveIntegration_TypedPerlDevelopment (0.00s)
    comprehensive_integration_test.go:19: Comprehensive integration test requires advanced typed Perl syntax not yet supported by tree-sitter grammar (function signatures, union types, complex variable declarations)

=== SKIP: test/e2e TestComprehensiveIntegration_PerformanceStress (0.00s)
    comprehensive_integration_test.go:94: Performance stress test skipped in short mode

=== SKIP: test/e2e TestConfigLayering (0.00s)
    config_test.go:67: TODO: Configuration layering and priority functionality not yet implemented

=== SKIP: test/e2e TestConfigInit (0.00s)
    config_test.go:72: TODO: Configuration initialization command not yet implemented

=== SKIP: test/e2e TestCrossComponentIntegration_PSC_PVX (0.00s)
    sampling.go:26: Skipping test in short mode (not selected in 10% sample)

=== SKIP: test/e2e TestLSPIntegration_PerformanceAndResponsiveness (0.00s)
    lsp_integration_test.go:111: Skipping LSP performance test in short mode

=== SKIP: test/e2e TestPoolingIntegration_StressTest (0.00s)
    pooling_integration_test.go:335: Skipping stress test in short mode

=== SKIP: test/e2e TestPoolingIntegration_MemoryLeakDetection (0.00s)
    pooling_integration_test.go:433: Skipping memory leak test in short mode

=== SKIP: test/e2e TestPVXIsolationEnvVars/EnvVars_high_with_custom (0.03s)
    pvx_isolation_test.go:580: TODO: PVX env vars with isolation level: high and custom var not yet implemented
        Command: pvm pvx --isolation high -p /usr/bin/perl --verbose -e MY_CUSTOM_VAR=custom_value /tmp/pvm-e2e-test-TestPVXIsolationEnvVars-163303636/home/scripts/env_var_test.pl
        Error: exit status 1
        Stdout: Can't modify constant item in scalar assignment at -e line 1, at EOF
        Execution of -e aborted due to compilation errors.

        Stderr: 2025-06-13T17:00:29Z [INFO] [pvm] Using 'cleanup' setting from configuration
        2025-06-13T17:00:29Z [INFO] [pvm] Using read-only paths from configuration: [/usr /bin /lib]
        2025-06-13T17:00:29Z [INFO] [pvm] Using save output directory from configuration: $PWD/output
        2025-06-13T17:00:29Z [INFO] [pvm] Using preserved environment variables from configuration: [TERM DISPLAY]
        2025-06-13T17:00:29Z [INFO] [pvm] Using isolation level 'high' from command line
        2025-06-13T17:00:29Z [INFO] [pvm] Using explicit Perl executable: /usr/bin/perl
        2025-06-13T17:00:29Z [INFO] [pvm] Created isolation directory: /tmp/pvm-isolated-inline-1874556661
        2025-06-13T17:00:29Z [INFO] [pvm] Creating complete Perl module directory structure for high isolation
        2025-06-13T17:00:29Z [INFO] [pvm] Using high isolation - starting with minimal environment
        2025-06-13T17:00:29Z [INFO] [pvm] Preserving user-specified environment variables: [TERM DISPLAY]
        2025-06-13T17:00:29Z [INFO] [pvm] Set read-only paths: /usr:/bin:/lib
        2025-06-13T17:00:29Z [INFO] [pvm] Cleaning up isolation directory: /tmp/pvm-isolated-inline-1874556661
        2025-06-13T17:00:29Z [INFO] [pvm] Successfully removed isolation directory
        2025-06-13T17:00:29Z [ERROR] [pvm] Execution failed: PVX-401: Code execution failed with exit code 255 (Execution Error)
          Cause: exit status 255

=== SKIP: test/e2e TestPVXVersionSpecification (0.65s)
    pvx_test.go:106: TODO: PVX execution with specific version not yet implemented
        Command: pvm pvx -p system /tmp/pvm-e2e-test-TestPVXVersionSpecification-3819675074/home/version_test.pl
        Error: exit status 1
        Stdout:
        Stderr: 2025-06-13T17:00:30Z [WARNING] [pvm] Read-only paths, read-write paths, and isolated output are only fully effective with high isolation
        2025-06-13T17:00:30Z [ERROR] [pvm] Execution failed: PVX-403: Specified Perl version not found: system (Execution Error)
          Cause: PVM-301: Failed to resolve Perl version using any method (Version Error)

=== SKIP: test/e2e TestShellSetup (0.00s)
    shell_test.go:151: TODO: Shell setup functionality not yet implemented

=== SKIP: test/e2e TestShellCompletion (0.00s)
    shell_test.go:156: TODO: Shell completion functionality not yet implemented

=== SKIP: test/e2e TestShimPathPriority (0.00s)
    shim_test.go:67: TODO: Shim PATH priority functionality not yet implemented

=== SKIP: test/e2e TestShimVersionResolution (0.00s)
    shim_test.go:91: TODO: Shim version resolution functionality not yet implemented

=== SKIP: test/e2e TestVersionSwitching (0.52s)
    version_test.go:74: TODO: System Perl version detection not yet implemented

=== SKIP: test/e2e TestInstallPerl (0.00s)
    version_test.go:103: Skipping Perl installation test in short mode

=== SKIP: test/e2e TestUninstallPerl (0.00s)
    version_test.go:113: Skipping Perl uninstallation test in short mode

=== Failed
=== FAIL: internal/mcp/tools TestCodeAnalyzer_WithAutoFix (0.00s)
    analyze_test.go:252:
        	Error Trace:	/home/perigrin/dev/pvm/internal/mcp/tools/analyze_test.go:252
        	Error:      	Received unexpected error:
        	            	validation failed: failed to parse code: SYS-007: error[TSP001]: parse error (1 ERROR nodes detected)
        	            	  --> :3:2
        	            	   |
        	            	 3 |
        	            	   |  ^^^^^^^^^^^^^ unexpected token: ''

        	            	note: This indicates Perl syntax that is not yet supported by the tree-sitter grammar.
        	            	      Please add test cases for this syntax to improve parser coverage.
        	            	 (System Error)
        	Test:       	TestCodeAnalyzer_WithAutoFix

=== FAIL: internal/mcp/tools TestProjectAnalyzer_AnalyzeProject (0.01s)
2025-06-13T17:00:03Z [INFO] [project-analyzer] Starting project analysis for: /tmp/pvm-project-test-3258543987
2025-06-13T17:00:03Z [INFO] [project-analyzer] Found 3 Perl files to analyze
2025-06-13T17:00:03Z [INFO] [project-analyzer] Project analysis complete: 3 files, 0 types, 0 errors, 0 warnings
    project_analyzer_test.go:120: Expected type conflicts to be detected
    project_analyzer_test.go:133: Expected global types to be found
    project_analyzer_test.go:142: UserID type not found in global types

=== FAIL: internal/mcp/tools TestProjectAnalyzer_GetProjectSummary (0.00s)
2025-06-13T17:00:03Z [INFO] [project-analyzer] Starting project analysis for: /tmp/pvm-summary-test-3168567369
2025-06-13T17:00:03Z [INFO] [project-analyzer] Found 1 Perl files to analyze
2025-06-13T17:00:03Z [INFO] [project-analyzer] Project analysis complete: 1 files, 0 types, 0 errors, 0 warnings
    project_analyzer_test.go:223: Expected 1 type, got 0
    project_analyzer_test.go:227: Expected 1 public type, got 0

=== FAIL: internal/mcp/validation TestValidator_ValidateCode/code_with_missing_sigil (0.00s)
    validator_test.go:82:
        	Error Trace:	/home/perigrin/dev/pvm/internal/mcp/validation/validator_test.go:82
        	Error:      	Received unexpected error:
        	            	failed to parse code: SYS-007: error[TSP001]: parse error (1 ERROR nodes detected)
        	            	  --> :3:2
        	            	   |
        	            	 3 |
        	            	   |  ^^^^^^^^^^^^^ unexpected token: ''

        	            	note: This indicates Perl syntax that is not yet supported by the tree-sitter grammar.
        	            	      Please add test cases for this syntax to improve parser coverage.
        	            	 (System Error)
        	Test:       	TestValidator_ValidateCode/code_with_missing_sigil

=== FAIL: internal/mcp/validation TestValidator_ValidateCode (0.01s)

=== FAIL: internal/parser TestComplexTypeErrorRecovery/Unclosed_nested_brackets (0.00s)
    complex_types_test.go:411:
        	Error Trace:	/home/perigrin/dev/pvm/internal/parser/complex_types_test.go:411
        	Error:      	"sys-007: error[tsp001]: parse error (1 error nodes detected)\n  --> :2:2\n   |\n\nnote: this indicates perl syntax that is not yet supported by the tree-sitter grammar.\n      please add test cases for this syntax to improve parser coverage.\n (system error)" does not contain "syntax error"
        	Test:       	TestComplexTypeErrorRecovery/Unclosed_nested_brackets
        	Messages:   	Error message should contain expected text

=== FAIL: internal/parser TestComplexTypeErrorRecovery (0.01s)

=== FAIL: internal/parser TestRunUntypedPerlMarkdownTests/subroutines_basic_subroutine_definitions (0.00s)
    test_framework.go:583: Test subroutines_basic_subroutine_definitions: Unexpected parsing error: SYS-007: error[TSP001]: parse error (1 ERROR nodes detected)
          --> :11:2
           |
        11 |
           |  ^^^^^^^^^^^ unexpected token: ''

        note: This indicates Perl syntax that is not yet supported by the tree-sitter grammar.
              Please add test cases for this syntax to improve parser coverage.
         (System Error)

=== FAIL: internal/parser TestRunUntypedPerlMarkdownTests/subroutines_complex_subroutines (0.01s)
    test_framework.go:583: Test subroutines_complex_subroutines: Unexpected parsing error: SYS-007: error[TSP001]: parse error (1 ERROR nodes detected)
          --> :32:2
           |
        32 |
           |  ^^^^^^^^^^^^^^^^^^^^ unexpected token: ''

        note: This indicates Perl syntax that is not yet supported by the tree-sitter grammar.
              Please add test cases for this syntax to improve parser coverage.
         (System Error)

=== FAIL: internal/parser TestRunUntypedPerlMarkdownTests/variables_variable_edge_cases (0.00s)
    test_framework.go:583: Test variables_variable_edge_cases: Unexpected parsing error: SYS-007: error[TSP001]: parse error (2 ERROR nodes detected)
          --> :3:4
           |
         3 | my %;
           |    ^^ unexpected token: ''

          --> :4:6
           |
         4 | my $$;
           |      ^ unexpected token: ''

        note: This indicates Perl syntax that is not yet supported by the tree-sitter grammar.
              Please add test cases for this syntax to improve parser coverage.
         (System Error)

=== FAIL: internal/parser TestRunUntypedPerlMarkdownTests (0.28s)
    integration_markdown_test.go:88: Untyped Perl test metrics:
    integration_markdown_test.go:89:   Total: 174
    integration_markdown_test.go:90:   Passed: 171
    integration_markdown_test.go:91:   Failed: 3

=== FAIL: internal/parser TestPackageAndModuleConstructs/subroutines_basic_subroutine_definitions (0.00s)
    test_framework.go:583: Test subroutines_basic_subroutine_definitions: Unexpected parsing error: SYS-007: error[TSP001]: parse error (1 ERROR nodes detected)
          --> :11:2
           |
        11 |
           |  ^^^^^^^^^^^ unexpected token: ''

        note: This indicates Perl syntax that is not yet supported by the tree-sitter grammar.
              Please add test cases for this syntax to improve parser coverage.
         (System Error)

=== FAIL: internal/parser TestPackageAndModuleConstructs/subroutines_complex_subroutines (0.01s)
    test_framework.go:583: Test subroutines_complex_subroutines: Unexpected parsing error: SYS-007: error[TSP001]: parse error (1 ERROR nodes detected)
          --> :32:2
           |
        32 |
           |  ^^^^^^^^^^^^^^^^^^^^ unexpected token: ''

        note: This indicates Perl syntax that is not yet supported by the tree-sitter grammar.
              Please add test cases for this syntax to improve parser coverage.
         (System Error)

=== FAIL: internal/parser TestPackageAndModuleConstructs/variables_variable_edge_cases (0.00s)
    test_framework.go:583: Test variables_variable_edge_cases: Unexpected parsing error: SYS-007: error[TSP001]: parse error (2 ERROR nodes detected)
          --> :3:4
           |
         3 | my %;
           |    ^^ unexpected token: ''

          --> :4:6
           |
         4 | my $$;
           |      ^ unexpected token: ''

        note: This indicates Perl syntax that is not yet supported by the tree-sitter grammar.
              Please add test cases for this syntax to improve parser coverage.
         (System Error)

=== FAIL: internal/parser TestPackageAndModuleConstructs (0.27s)
    packages_test.go:24: === Parser Accuracy Report ===
    packages_test.go:24: Overall: 171/174 tests passed (98.3% accuracy)
    packages_test.go:24: Parse time: 0s
    packages_test.go:24:
        Category Breakdown:
    packages_test.go:24:   untyped-perl: 171/174 (98.3%)
    packages_test.go:24:
        Feature Breakdown:
    packages_test.go:24:   variable_declaration: 58/58 (100.0%)
    packages_test.go:24:   mask: 94/94 (100.0%)
    packages_test.go:24:   arrow_notation: 5/7 (71.4%)
    packages_test.go:24:   package-qualification: 5/6 (83.3%)
    packages_test.go:24:   do_until: 58/58 (100.0%)
    packages_test.go:24:   statement_modifier: 58/58 (100.0%)
    packages_test.go:24:   until: 58/58 (100.0%)
    packages_test.go:24:   method_calls: 94/94 (100.0%)
    packages_test.go:24:   xor: 94/94 (100.0%)
    packages_test.go:24:   blocks: 9/9 (100.0%)
    packages_test.go:24:   perl: 9/9 (100.0%)
    packages_test.go:24:   continue: 58/58 (100.0%)
    packages_test.go:24:   explicit: 58/58 (100.0%)
    packages_test.go:24:   foreach: 58/58 (100.0%)
    packages_test.go:24:   scope: 58/58 (100.0%)
    packages_test.go:24:   simulation: 58/58 (100.0%)
    packages_test.go:24:   underscore: 58/58 (100.0%)
    packages_test.go:24:   and: 94/94 (100.0%)
    packages_test.go:24:   bitwise: 94/94 (100.0%)
    packages_test.go:24:   file_handle: 58/58 (100.0%)
    packages_test.go:24:   outer: 58/58 (100.0%)
    packages_test.go:24:   pipeline: 58/58 (100.0%)
    packages_test.go:24:   comparison: 94/94 (100.0%)
    packages_test.go:24:   decrement: 94/94 (100.0%)
    packages_test.go:24:   short_circuit: 94/94 (100.0%)
    packages_test.go:24:   three_way: 94/94 (100.0%)
    packages_test.go:24:   complex: 166/168 (98.8%)
    packages_test.go:24:   pattern: 58/58 (100.0%)
    packages_test.go:24:   binary_operator: 94/94 (100.0%)
    packages_test.go:24:   complement: 94/94 (100.0%)
    packages_test.go:24:   division: 94/94 (100.0%)
    packages_test.go:24:   low_precedence: 94/94 (100.0%)
    packages_test.go:24:   require: 9/9 (100.0%)
    packages_test.go:24:   definitions: 5/7 (71.4%)
    packages_test.go:24:   no_default: 58/58 (100.0%)
    packages_test.go:24:   block: 58/58 (100.0%)
    packages_test.go:24:   chain: 58/58 (100.0%)
    packages_test.go:24:   dispatch: 58/58 (100.0%)
    packages_test.go:24:   function_calls: 94/94 (100.0%)
    packages_test.go:24:   less_than: 94/94 (100.0%)
    packages_test.go:24:   slice: 94/94 (100.0%)
    packages_test.go:24:   eval: 58/58 (100.0%)
    packages_test.go:24:   return: 58/58 (100.0%)
    packages_test.go:24:   while: 58/58 (100.0%)
    packages_test.go:24:   chained: 94/94 (100.0%)
    packages_test.go:24:   equality: 94/94 (100.0%)
    packages_test.go:24:   identity: 94/94 (100.0%)
    packages_test.go:24:   modulo: 94/94 (100.0%)
    packages_test.go:24:   calls: 5/7 (71.4%)
    packages_test.go:24:   increment: 152/152 (100.0%)
    packages_test.go:24:   hexadecimal: 94/94 (100.0%)
    packages_test.go:24:   less_equal: 94/94 (100.0%)
    packages_test.go:24:   sequential: 94/94 (100.0%)
    packages_test.go:24:   special-vars: 5/6 (83.3%)
    packages_test.go:24:   given: 58/58 (100.0%)
    packages_test.go:24:   loop: 58/58 (100.0%)
    packages_test.go:24:   parentheses: 94/94 (100.0%)
    packages_test.go:24:   precedence: 94/94 (100.0%)
    packages_test.go:24:   edge_cases: 5/7 (71.4%)
    packages_test.go:24:   regex: 152/152 (100.0%)
    packages_test.go:24:   retry: 58/58 (100.0%)
    packages_test.go:24:   validation: 58/58 (100.0%)
    packages_test.go:24:   evaluation: 94/94 (100.0%)
    packages_test.go:24:   features: 9/9 (100.0%)
    packages_test.go:24:   hashes: 5/6 (83.3%)
    packages_test.go:24:   error_handling: 58/58 (100.0%)
    packages_test.go:24:   glob: 58/58 (100.0%)
    packages_test.go:24:   labeled: 58/58 (100.0%)
    packages_test.go:24:   list: 152/152 (100.0%)
    packages_test.go:24:   mixed: 152/152 (100.0%)
    packages_test.go:24:   local: 58/58 (100.0%)
    packages_test.go:24:   search: 58/58 (100.0%)
    packages_test.go:24:   variables: 108/109 (99.1%)
    packages_test.go:24:   last: 58/58 (100.0%)
    packages_test.go:24:   tree: 58/58 (100.0%)
    packages_test.go:24:   spaceship: 94/94 (100.0%)
    packages_test.go:24:   modules: 9/9 (100.0%)
    packages_test.go:24:   do_block: 58/58 (100.0%)
    packages_test.go:24:   optional: 58/58 (100.0%)
    packages_test.go:24:   matching: 94/94 (100.0%)
    packages_test.go:24:   numeric: 94/94 (100.0%)
    packages_test.go:24:   declarations: 14/15 (93.3%)
    packages_test.go:24:   isa: 9/9 (100.0%)
    packages_test.go:24:   use: 9/9 (100.0%)
    packages_test.go:24:   cleanup: 58/58 (100.0%)
    packages_test.go:24:   single_line: 58/58 (100.0%)
    packages_test.go:24:   inequality: 94/94 (100.0%)
    packages_test.go:24:   multiplication: 94/94 (100.0%)
    packages_test.go:24:   references: 99/101 (98.0%)
    packages_test.go:24:   qualification: 9/9 (100.0%)
    packages_test.go:24:   multiple: 152/152 (100.0%)
    packages_test.go:24:   switch: 58/58 (100.0%)
    packages_test.go:24:   math: 94/94 (100.0%)
    packages_test.go:24:   namespaces: 9/9 (100.0%)
    packages_test.go:24:   restart: 58/58 (100.0%)
    packages_test.go:24:   interpolation: 94/94 (100.0%)
    packages_test.go:24:   or: 94/94 (100.0%)
    packages_test.go:24:   methods: 5/7 (71.4%)
    packages_test.go:24:   context: 5/6 (83.3%)
    packages_test.go:24:   array: 152/152 (100.0%)
    packages_test.go:24:   loop_control: 58/58 (100.0%)
    packages_test.go:24:   parallel: 58/58 (100.0%)
    packages_test.go:24:   dereferencing: 99/101 (98.0%)
    packages_test.go:24:   quoting: 94/94 (100.0%)
    packages_test.go:24:   sequence: 94/94 (100.0%)
    packages_test.go:24:   unary_operator: 94/94 (100.0%)
    packages_test.go:24:   strict: 9/9 (100.0%)
    packages_test.go:24:   unless: 58/58 (100.0%)
    packages_test.go:24:   greater_than: 94/94 (100.0%)
    packages_test.go:24:   base: 9/9 (100.0%)
    packages_test.go:24:   comprehensive: 9/9 (100.0%)
    packages_test.go:24:   arrays: 5/6 (83.3%)
    packages_test.go:24:   naming: 5/6 (83.3%)
    packages_test.go:24:   closure: 58/58 (100.0%)
    packages_test.go:24:   control_flow: 58/58 (100.0%)
    packages_test.go:24:   infinite: 58/58 (100.0%)
    packages_test.go:24:   postfix: 152/152 (100.0%)
    packages_test.go:24:   exponentiation: 94/94 (100.0%)
    packages_test.go:24:   not: 94/94 (100.0%)
    packages_test.go:24:   subtraction: 94/94 (100.0%)
    packages_test.go:24:   ternary: 94/94 (100.0%)
    packages_test.go:24:   flag_clearing: 94/94 (100.0%)
    packages_test.go:24:   elsif: 58/58 (100.0%)
    packages_test.go:24:   smartmatch: 58/58 (100.0%)
    packages_test.go:24:   side_effects: 94/94 (100.0%)
    packages_test.go:24:   warnings: 9/9 (100.0%)
    packages_test.go:24:   prototypes: 5/7 (71.4%)
    packages_test.go:24:   break: 58/58 (100.0%)
    packages_test.go:24:   coroutine: 58/58 (100.0%)
    packages_test.go:24:   workers: 58/58 (100.0%)
    packages_test.go:24:   defined_or: 94/94 (100.0%)
    packages_test.go:24:   flag_toggling: 94/94 (100.0%)
    packages_test.go:24:   right_shift: 94/94 (100.0%)
    packages_test.go:24:   fallthrough: 58/58 (100.0%)
    packages_test.go:24:   progress: 58/58 (100.0%)
    packages_test.go:24:   range: 152/152 (100.0%)
    packages_test.go:24:   left_shift: 94/94 (100.0%)
    packages_test.go:24:   mixed_operators: 94/94 (100.0%)
    packages_test.go:24:   multiple_operators: 94/94 (100.0%)
    packages_test.go:24:   subroutines: 5/7 (71.4%)
    packages_test.go:24:   bare_block: 58/58 (100.0%)
    packages_test.go:24:   default_variable: 58/58 (100.0%)
    packages_test.go:24:   depth: 58/58 (100.0%)
    packages_test.go:24:   try_catch: 58/58 (100.0%)
    packages_test.go:24:   bit_manipulation: 94/94 (100.0%)
    packages_test.go:24:   greater_equal: 94/94 (100.0%)
    packages_test.go:24:   scoping: 5/6 (83.3%)
    packages_test.go:24:   state_machine: 58/58 (100.0%)
    packages_test.go:24:   indexing: 94/94 (100.0%)
    packages_test.go:24:   repetition: 94/94 (100.0%)
    packages_test.go:24:   string: 94/94 (100.0%)
    packages_test.go:24:   packages: 9/9 (100.0%)
    packages_test.go:24:   pragmas: 9/9 (100.0%)
    packages_test.go:24:   arguments: 5/7 (71.4%)
    packages_test.go:24:   complex_expression: 58/58 (100.0%)
    packages_test.go:24:   default: 58/58 (100.0%)
    packages_test.go:24:   keys: 58/58 (100.0%)
    packages_test.go:24:   next: 58/58 (100.0%)
    packages_test.go:24:   value: 58/58 (100.0%)
    packages_test.go:24:   minus: 94/94 (100.0%)
    packages_test.go:24:   word_form: 94/94 (100.0%)
    packages_test.go:24:   import: 9/9 (100.0%)
    packages_test.go:24:   exception: 58/58 (100.0%)
    packages_test.go:24:   file_test: 58/58 (100.0%)
    packages_test.go:24:   nested: 152/152 (100.0%)
    packages_test.go:24:   key_access: 94/94 (100.0%)
    packages_test.go:24:   expressions: 5/6 (83.3%)
    packages_test.go:24:   hash: 152/152 (100.0%)
    packages_test.go:24:   initialization: 58/58 (100.0%)
    packages_test.go:24:   iterator: 58/58 (100.0%)
    packages_test.go:24:   redo: 58/58 (100.0%)
    packages_test.go:24:   basic: 99/101 (98.0%)
    packages_test.go:24:   objects: 99/101 (98.0%)
    packages_test.go:24:   attributes: 5/7 (71.4%)
    packages_test.go:24:   edge-cases: 5/6 (83.3%)
    packages_test.go:24:   options: 58/58 (100.0%)
    packages_test.go:24:   when: 58/58 (100.0%)
    packages_test.go:24:   arithmetic: 94/94 (100.0%)
    packages_test.go:24:   comma: 94/94 (100.0%)
    packages_test.go:24:   ordering: 94/94 (100.0%)
    packages_test.go:24:   prefix: 94/94 (100.0%)
    packages_test.go:24:   dynamic: 9/9 (100.0%)
    packages_test.go:24:   for: 58/58 (100.0%)
    packages_test.go:24:   qw: 58/58 (100.0%)
    packages_test.go:24:   literals: 94/94 (100.0%)
    packages_test.go:24:   inheritance: 9/9 (100.0%)
    packages_test.go:24:   parent: 9/9 (100.0%)
    packages_test.go:24:   logical: 152/152 (100.0%)
    packages_test.go:24:   do_while: 58/58 (100.0%)
    packages_test.go:24:   if: 58/58 (100.0%)
    packages_test.go:24:   recursive: 58/58 (100.0%)
    packages_test.go:24:   state: 58/58 (100.0%)
    packages_test.go:24:   flag_setting: 94/94 (100.0%)
    packages_test.go:24:   plus: 94/94 (100.0%)
    packages_test.go:24:   versions: 9/9 (100.0%)
    packages_test.go:24:   c_style: 58/58 (100.0%)
    packages_test.go:24:   event_loop: 58/58 (100.0%)
    packages_test.go:24:   function_call: 152/152 (100.0%)
    packages_test.go:24:   undef_handling: 94/94 (100.0%)
    packages_test.go:24:   organization: 9/9 (100.0%)
    packages_test.go:24:   anonymous: 5/7 (71.4%)
    packages_test.go:24:   scalars: 5/6 (83.3%)
    packages_test.go:24:   conditional: 152/152 (100.0%)
    packages_test.go:24:   addition: 94/94 (100.0%)
    packages_test.go:24:   concatenation: 94/94 (100.0%)
    packages_test.go:24:   code_references: 5/7 (71.4%)
    packages_test.go:24:   assignment: 152/152 (100.0%)
    packages_test.go:24:   else: 58/58 (100.0%)

=== FAIL: internal/parser TestStep6_IntegrationWithCompiler (0.01s)
    performance_validation_test.go:586: Parsed complex typed Perl in 8.319673ms
    performance_validation_test.go:602: AST missing expected element: type_declaration
    performance_validation_test.go:602: AST missing expected element: class_declaration
    performance_validation_test.go:602: AST missing expected element: field_declaration
    performance_validation_test.go:602: AST missing expected element: method_declaration
    performance_validation_test.go:602: AST missing expected element: parameterized_type
    performance_validation_test.go:602: AST missing expected element: union_type
    performance_validation_test.go:602: AST missing expected element: type_assertion
    performance_validation_test.go:611: ✓ Step 6: Performance and integration validation completed successfully

=== FAIL: internal/parser TestSubroutineParsing/subroutines_basic_subroutine_definitions (0.00s)
    test_framework.go:583: Test subroutines_basic_subroutine_definitions: Unexpected parsing error: SYS-007: error[TSP001]: parse error (1 ERROR nodes detected)
          --> :11:2
           |
        11 |
           |  ^^^^^^^^^^^ unexpected token: ''

        note: This indicates Perl syntax that is not yet supported by the tree-sitter grammar.
              Please add test cases for this syntax to improve parser coverage.
         (System Error)

=== FAIL: internal/parser TestSubroutineParsing/subroutines_complex_subroutines (0.01s)
    test_framework.go:583: Test subroutines_complex_subroutines: Unexpected parsing error: SYS-007: error[TSP001]: parse error (1 ERROR nodes detected)
          --> :32:2
           |
        32 |
           |  ^^^^^^^^^^^^^^^^^^^^ unexpected token: ''

        note: This indicates Perl syntax that is not yet supported by the tree-sitter grammar.
              Please add test cases for this syntax to improve parser coverage.
         (System Error)

=== FAIL: internal/parser TestSubroutineParsing/variables_variable_edge_cases (0.00s)
    test_framework.go:583: Test variables_variable_edge_cases: Unexpected parsing error: SYS-007: error[TSP001]: parse error (2 ERROR nodes detected)
          --> :3:4
           |
         3 | my %;
           |    ^^ unexpected token: ''

          --> :4:6
           |
         4 | my $$;
           |      ^ unexpected token: ''

        note: This indicates Perl syntax that is not yet supported by the tree-sitter grammar.
              Please add test cases for this syntax to improve parser coverage.
         (System Error)

=== FAIL: internal/parser TestSubroutineParsing (0.28s)
    subroutines_test.go:25: === Parser Accuracy Report ===
    subroutines_test.go:25: Overall: 171/174 tests passed (98.3% accuracy)
    subroutines_test.go:25: Parse time: 0s
    subroutines_test.go:25:
        Category Breakdown:
    subroutines_test.go:25:   untyped-perl: 171/174 (98.3%)
    subroutines_test.go:25:
        Feature Breakdown:
    subroutines_test.go:25:   eval: 58/58 (100.0%)
    subroutines_test.go:25:   return: 58/58 (100.0%)
    subroutines_test.go:25:   while: 58/58 (100.0%)
    subroutines_test.go:25:   division: 94/94 (100.0%)
    subroutines_test.go:25:   flag_toggling: 94/94 (100.0%)
    subroutines_test.go:25:   qualification: 9/9 (100.0%)
    subroutines_test.go:25:   anonymous: 5/7 (71.4%)
    subroutines_test.go:25:   explicit: 58/58 (100.0%)
    subroutines_test.go:25:   scope: 58/58 (100.0%)
    subroutines_test.go:25:   dereferencing: 99/101 (98.0%)
    subroutines_test.go:25:   inequality: 94/94 (100.0%)
    subroutines_test.go:25:   subtraction: 94/94 (100.0%)
    subroutines_test.go:25:   parent: 9/9 (100.0%)
    subroutines_test.go:25:   calls: 5/7 (71.4%)
    subroutines_test.go:25:   special-vars: 5/6 (83.3%)
    subroutines_test.go:25:   pattern: 58/58 (100.0%)
    subroutines_test.go:25:   matching: 94/94 (100.0%)
    subroutines_test.go:25:   side_effects: 94/94 (100.0%)
    subroutines_test.go:25:   slice: 94/94 (100.0%)
    subroutines_test.go:25:   attributes: 5/7 (71.4%)
    subroutines_test.go:25:   prototypes: 5/7 (71.4%)
    subroutines_test.go:25:   complex_expression: 58/58 (100.0%)
    subroutines_test.go:25:   comma: 94/94 (100.0%)
    subroutines_test.go:25:   evaluation: 94/94 (100.0%)
    subroutines_test.go:25:   left_shift: 94/94 (100.0%)
    subroutines_test.go:25:   hashes: 5/6 (83.3%)
    subroutines_test.go:25:   multiple: 152/152 (100.0%)
    subroutines_test.go:25:   outer: 58/58 (100.0%)
    subroutines_test.go:25:   smartmatch: 58/58 (100.0%)
    subroutines_test.go:25:   defined_or: 94/94 (100.0%)
    subroutines_test.go:25:   mask: 94/94 (100.0%)
    subroutines_test.go:25:   unary_operator: 94/94 (100.0%)
    subroutines_test.go:25:   word_form: 94/94 (100.0%)
    subroutines_test.go:25:   namespaces: 9/9 (100.0%)
    subroutines_test.go:25:   until: 58/58 (100.0%)
    subroutines_test.go:25:   basic: 99/101 (98.0%)
    subroutines_test.go:25:   keys: 58/58 (100.0%)
    subroutines_test.go:25:   optional: 58/58 (100.0%)
    subroutines_test.go:25:   options: 58/58 (100.0%)
    subroutines_test.go:25:   identity: 94/94 (100.0%)
    subroutines_test.go:25:   literals: 94/94 (100.0%)
    subroutines_test.go:25:   versions: 9/9 (100.0%)
    subroutines_test.go:25:   function_call: 152/152 (100.0%)
    subroutines_test.go:25:   loop: 58/58 (100.0%)
    subroutines_test.go:25:   retry: 58/58 (100.0%)
    subroutines_test.go:25:   undef_handling: 94/94 (100.0%)
    subroutines_test.go:25:   import: 9/9 (100.0%)
    subroutines_test.go:25:   organization: 9/9 (100.0%)
    subroutines_test.go:25:   arguments: 5/7 (71.4%)
    subroutines_test.go:25:   code_references: 5/7 (71.4%)
    subroutines_test.go:25:   next: 58/58 (100.0%)
    subroutines_test.go:25:   switch: 58/58 (100.0%)
    subroutines_test.go:25:   underscore: 58/58 (100.0%)
    subroutines_test.go:25:   function_calls: 94/94 (100.0%)
    subroutines_test.go:25:   modules: 9/9 (100.0%)
    subroutines_test.go:25:   closure: 58/58 (100.0%)
    subroutines_test.go:25:   control_flow: 58/58 (100.0%)
    subroutines_test.go:25:   depth: 58/58 (100.0%)
    subroutines_test.go:25:   progress: 58/58 (100.0%)
    subroutines_test.go:25:   qw: 58/58 (100.0%)
    subroutines_test.go:25:   concatenation: 94/94 (100.0%)
    subroutines_test.go:25:   hexadecimal: 94/94 (100.0%)
    subroutines_test.go:25:   or: 94/94 (100.0%)
    subroutines_test.go:25:   do_block: 58/58 (100.0%)
    subroutines_test.go:25:   local: 58/58 (100.0%)
    subroutines_test.go:25:   chained: 94/94 (100.0%)
    subroutines_test.go:25:   flag_clearing: 94/94 (100.0%)
    subroutines_test.go:25:   references: 99/101 (98.0%)
    subroutines_test.go:25:   three_way: 94/94 (100.0%)
    subroutines_test.go:25:   base: 9/9 (100.0%)
    subroutines_test.go:25:   inheritance: 9/9 (100.0%)
    subroutines_test.go:25:   assignment: 152/152 (100.0%)
    subroutines_test.go:25:   restart: 58/58 (100.0%)
    subroutines_test.go:25:   statement_modifier: 58/58 (100.0%)
    subroutines_test.go:25:   validation: 58/58 (100.0%)
    subroutines_test.go:25:   parentheses: 94/94 (100.0%)
    subroutines_test.go:25:   dynamic: 9/9 (100.0%)
    subroutines_test.go:25:   strict: 9/9 (100.0%)
    subroutines_test.go:25:   warnings: 9/9 (100.0%)
    subroutines_test.go:25:   list: 152/152 (100.0%)
    subroutines_test.go:25:   value: 58/58 (100.0%)
    subroutines_test.go:25:   comparison: 94/94 (100.0%)
    subroutines_test.go:25:   definitions: 5/7 (71.4%)
    subroutines_test.go:25:   methods: 5/7 (71.4%)
    subroutines_test.go:25:   default: 58/58 (100.0%)
    subroutines_test.go:25:   state: 58/58 (100.0%)
    subroutines_test.go:25:   require: 9/9 (100.0%)
    subroutines_test.go:25:   context: 5/6 (83.3%)
    subroutines_test.go:25:   nested: 152/152 (100.0%)
    subroutines_test.go:25:   initialization: 58/58 (100.0%)
    subroutines_test.go:25:   addition: 94/94 (100.0%)
    subroutines_test.go:25:   math: 94/94 (100.0%)
    subroutines_test.go:25:   sequence: 94/94 (100.0%)
    subroutines_test.go:25:   complex: 166/168 (98.8%)
    subroutines_test.go:25:   error_handling: 58/58 (100.0%)
    subroutines_test.go:25:   foreach: 58/58 (100.0%)
    subroutines_test.go:25:   increment: 152/152 (100.0%)
    subroutines_test.go:25:   arithmetic: 94/94 (100.0%)
    subroutines_test.go:25:   decrement: 94/94 (100.0%)
    subroutines_test.go:25:   greater_equal: 94/94 (100.0%)
    subroutines_test.go:25:   mixed_operators: 94/94 (100.0%)
    subroutines_test.go:25:   workers: 58/58 (100.0%)
    subroutines_test.go:25:   ordering: 94/94 (100.0%)
    subroutines_test.go:25:   plus: 94/94 (100.0%)
    subroutines_test.go:25:   repetition: 94/94 (100.0%)
    subroutines_test.go:25:   variables: 108/109 (99.1%)
    subroutines_test.go:25:   xor: 94/94 (100.0%)
    subroutines_test.go:25:   package-qualification: 5/6 (83.3%)
    subroutines_test.go:25:   given: 58/58 (100.0%)
    subroutines_test.go:25:   hash: 152/152 (100.0%)
    subroutines_test.go:25:   pipeline: 58/58 (100.0%)
    subroutines_test.go:25:   postfix: 152/152 (100.0%)
    subroutines_test.go:25:   binary_operator: 94/94 (100.0%)
    subroutines_test.go:25:   equality: 94/94 (100.0%)
    subroutines_test.go:25:   indexing: 94/94 (100.0%)
    subroutines_test.go:25:   edge-cases: 5/6 (83.3%)
    subroutines_test.go:25:   event_loop: 58/58 (100.0%)
    subroutines_test.go:25:   file_test: 58/58 (100.0%)
    subroutines_test.go:25:   single_line: 58/58 (100.0%)
    subroutines_test.go:25:   tree: 58/58 (100.0%)
    subroutines_test.go:25:   when: 58/58 (100.0%)
    subroutines_test.go:25:   less_than: 94/94 (100.0%)
    subroutines_test.go:25:   minus: 94/94 (100.0%)
    subroutines_test.go:25:   multiple_operators: 94/94 (100.0%)
    subroutines_test.go:25:   spaceship: 94/94 (100.0%)
    subroutines_test.go:25:   edge_cases: 5/7 (71.4%)
    subroutines_test.go:25:   naming: 5/6 (83.3%)
    subroutines_test.go:25:   logical: 152/152 (100.0%)
    subroutines_test.go:25:   no_default: 58/58 (100.0%)
    subroutines_test.go:25:   bitwise: 94/94 (100.0%)
    subroutines_test.go:25:   right_shift: 94/94 (100.0%)
    subroutines_test.go:25:   blocks: 9/9 (100.0%)
    subroutines_test.go:25:   arrays: 5/6 (83.3%)
    subroutines_test.go:25:   block: 58/58 (100.0%)
    subroutines_test.go:25:   coroutine: 58/58 (100.0%)
    subroutines_test.go:25:   dispatch: 58/58 (100.0%)
    subroutines_test.go:25:   if: 58/58 (100.0%)
    subroutines_test.go:25:   exponentiation: 94/94 (100.0%)
    subroutines_test.go:25:   continue: 58/58 (100.0%)
    subroutines_test.go:25:   default_variable: 58/58 (100.0%)
    subroutines_test.go:25:   file_handle: 58/58 (100.0%)
    subroutines_test.go:25:   for: 58/58 (100.0%)
    subroutines_test.go:25:   loop_control: 58/58 (100.0%)
    subroutines_test.go:25:   regex: 152/152 (100.0%)
    subroutines_test.go:25:   isa: 9/9 (100.0%)
    subroutines_test.go:25:   pragmas: 9/9 (100.0%)
    subroutines_test.go:25:   array: 152/152 (100.0%)
    subroutines_test.go:25:   conditional: 152/152 (100.0%)
    subroutines_test.go:25:   iterator: 58/58 (100.0%)
    subroutines_test.go:25:   try_catch: 58/58 (100.0%)
    subroutines_test.go:25:   greater_than: 94/94 (100.0%)
    subroutines_test.go:25:   quoting: 94/94 (100.0%)
    subroutines_test.go:25:   sequential: 94/94 (100.0%)
    subroutines_test.go:25:   string: 94/94 (100.0%)
    subroutines_test.go:25:   elsif: 58/58 (100.0%)
    subroutines_test.go:25:   and: 94/94 (100.0%)
    subroutines_test.go:25:   flag_setting: 94/94 (100.0%)
    subroutines_test.go:25:   modulo: 94/94 (100.0%)
    subroutines_test.go:25:   multiplication: 94/94 (100.0%)
    subroutines_test.go:25:   numeric: 94/94 (100.0%)
    subroutines_test.go:25:   precedence: 94/94 (100.0%)
    subroutines_test.go:25:   ternary: 94/94 (100.0%)
    subroutines_test.go:25:   break: 58/58 (100.0%)
    subroutines_test.go:25:   c_style: 58/58 (100.0%)
    subroutines_test.go:25:   recursive: 58/58 (100.0%)
    subroutines_test.go:25:   not: 94/94 (100.0%)
    subroutines_test.go:25:   prefix: 94/94 (100.0%)
    subroutines_test.go:25:   perl: 9/9 (100.0%)
    subroutines_test.go:25:   expressions: 5/6 (83.3%)
    subroutines_test.go:25:   scalars: 5/6 (83.3%)
    subroutines_test.go:25:   cleanup: 58/58 (100.0%)
    subroutines_test.go:25:   last: 58/58 (100.0%)
    subroutines_test.go:25:   complement: 94/94 (100.0%)
    subroutines_test.go:25:   key_access: 94/94 (100.0%)
    subroutines_test.go:25:   arrow_notation: 5/7 (71.4%)
    subroutines_test.go:25:   subroutines: 5/7 (71.4%)
    subroutines_test.go:25:   glob: 58/58 (100.0%)
    subroutines_test.go:25:   labeled: 58/58 (100.0%)
    subroutines_test.go:25:   redo: 58/58 (100.0%)
    subroutines_test.go:25:   state_machine: 58/58 (100.0%)
    subroutines_test.go:25:   method_calls: 94/94 (100.0%)
    subroutines_test.go:25:   comprehensive: 9/9 (100.0%)
    subroutines_test.go:25:   scoping: 5/6 (83.3%)
    subroutines_test.go:25:   interpolation: 94/94 (100.0%)
    subroutines_test.go:25:   low_precedence: 94/94 (100.0%)
    subroutines_test.go:25:   exception: 58/58 (100.0%)
    subroutines_test.go:25:   bare_block: 58/58 (100.0%)
    subroutines_test.go:25:   fallthrough: 58/58 (100.0%)
    subroutines_test.go:25:   objects: 99/101 (98.0%)
    subroutines_test.go:25:   features: 9/9 (100.0%)
    subroutines_test.go:25:   packages: 9/9 (100.0%)
    subroutines_test.go:25:   use: 9/9 (100.0%)
    subroutines_test.go:25:   range: 152/152 (100.0%)
    subroutines_test.go:25:   search: 58/58 (100.0%)
    subroutines_test.go:25:   variable_declaration: 58/58 (100.0%)
    subroutines_test.go:25:   less_equal: 94/94 (100.0%)
    subroutines_test.go:25:   short_circuit: 94/94 (100.0%)
    subroutines_test.go:25:   infinite: 58/58 (100.0%)
    subroutines_test.go:25:   unless: 58/58 (100.0%)
    subroutines_test.go:25:   declarations: 14/15 (93.3%)
    subroutines_test.go:25:   chain: 58/58 (100.0%)
    subroutines_test.go:25:   do_until: 58/58 (100.0%)
    subroutines_test.go:25:   do_while: 58/58 (100.0%)
    subroutines_test.go:25:   else: 58/58 (100.0%)
    subroutines_test.go:25:   mixed: 152/152 (100.0%)
    subroutines_test.go:25:   parallel: 58/58 (100.0%)
    subroutines_test.go:25:   simulation: 58/58 (100.0%)
    subroutines_test.go:25:   bit_manipulation: 94/94 (100.0%)

=== FAIL: internal/parser TestUntypedVariableDeclarations (0.00s)
    test_framework.go:572: Failed to discover test cases: lstat testdata/untyped-perl/variables: no such file or directory

=== FAIL: internal/psc TestCheckCommandWorkflow/Mixed_typed_and_untyped_code (0.00s)
/tmp/TestCheckCommandWorkflow1713563674/001/mixed.pl:0:0: [31merror:[0m Type 'Any' is not compatible with 'Str'
[36m   help: Review the Typed Perl documentation for more information[0m
    check_integration_test.go:90: Expected 0 errors, got 1
    check_integration_test.go:105: TypeChecker found 1 errors, expected 0

=== FAIL: internal/psc TestCheckCommandWorkflow (0.01s)

=== FAIL: internal/psc TestGenerateTypeDefinition (0.01s)
    psc_pvi_integration_test.go:63:
        	Error Trace:	/home/perigrin/dev/pvm/internal/psc/psc_pvi_integration_test.go:63
        	Error:      	Received unexpected error:
        	            	PSC-704: Failed to check file /tmp/psc-pvi-test1428656426/TestModule.pm (Type Error)
        	            	  Cause: IncompleteTypeAssertionError: Incomplete type assertion - missing target type
        	Test:       	TestGenerateTypeDefinition

=== FAIL: internal/typechecker TestTypeChecker_SpecificBaselines/simple_types (0.01s)
    baseline_test.go:183: Baseline mismatch for simple_types (-want +got):
          (
          	"""
          	=== SYMBOLS ===
        - 	scalar Int [lexical] at 1:1
          	scalar Str [lexical] at 2:1
          	scalar Bool [lexical] at 3:1
        + 	scalar Int [lexical] at 1:1
          	=== TYPE ERRORS ===
          	No type errors
          	"""
          )

=== FAIL: internal/typechecker TestTypeChecker_SpecificBaselines/function_types (0.01s)
    baseline_test.go:183: Baseline mismatch for function_types (-want +got):
          (
          	"""
          	=== SYMBOLS ===
        - 	subroutine add at 1:1
        - 	subroutine greet at 5:1
          	scalar result [lexical] at 9:1
          	scalar message [lexical] at 10:1
        + 	subroutine add at 1:1
        + 	subroutine greet at 5:1
          	=== TYPE ERRORS ===
          	No type errors
          	"""
          )

=== FAIL: internal/typechecker TestTypeChecker_SpecificBaselines (0.03s)

=== FAIL: test/e2e TestComprehensiveIntegration_LegacyMigration (4.14s)
    comprehensive_integration_test.go:76: Legacy script should execute: pvm [pvx /tmp/pvm-e2e-test-TestComprehensiveIntegration_LegacyMigration-2500285619/legacy_project/migrate.pl] failed: exit status 1
        Stdout:
        Stderr: 2025-06-13T17:00:08Z [WARNING] [pvm] Read-only paths, read-write paths, and isolated output are only fully effective with high isolation
        2025-06-13T17:00:08Z [ERROR] [pvm] Execution failed: PVX-403: Perl executable not found: user configuration (Execution Error)
          Cause: stat user configuration: no such file or directory
    comprehensive_integration_test.go:80:
        	Error Trace:	/home/perigrin/dev/pvm/test/e2e/comprehensive_integration_test.go:80
        	Error:      	"" does not contain "Legacy name: test"
        	Test:       	TestComprehensiveIntegration_LegacyMigration
        	Messages:   	Legacy script should work correctly
    comprehensive_integration_test.go:81:
        	Error Trace:	/home/perigrin/dev/pvm/test/e2e/comprehensive_integration_test.go:81
        	Error:      	"" does not contain "Processed: HELLO WORLD"
        	Test:       	TestComprehensiveIntegration_LegacyMigration
        	Messages:   	Legacy processing should work

=== FAIL: test/e2e TestComprehensiveIntegration_ErrorHandling (0.58s)
    comprehensive_integration_test.go:203: Error recovery should work: pvm [pvx /tmp/pvm-e2e-test-TestComprehensiveIntegration_ErrorHandling-3483344699/error_project/recovery.pl] failed: exit status 1
        Stdout:
        Stderr: 2025-06-13T17:00:09Z [WARNING] [pvm] Read-only paths, read-write paths, and isolated output are only fully effective with high isolation
        2025-06-13T17:00:09Z [ERROR] [pvm] Execution failed: PVX-403: Perl executable not found: user configuration (Execution Error)
          Cause: stat user configuration: no such file or directory
    comprehensive_integration_test.go:207:
        	Error Trace:	/home/perigrin/dev/pvm/test/e2e/comprehensive_integration_test.go:207
        	Error:      	"" does not contain "Caught error"
        	Test:       	TestComprehensiveIntegration_ErrorHandling
        	Messages:   	Error should be caught
    comprehensive_integration_test.go:208:
        	Error Trace:	/home/perigrin/dev/pvm/test/e2e/comprehensive_integration_test.go:208
        	Error:      	"" does not contain "Error recovery successful"
        	Test:       	TestComprehensiveIntegration_ErrorHandling
        	Messages:   	Recovery should succeed

=== FAIL: test/e2e TestComprehensiveIntegration_BackwardCompatibility (0.50s)
    comprehensive_integration_test.go:259: Compatibility script should work: pvm [pvx /tmp/pvm-e2e-test-TestComprehensiveIntegration_BackwardCompatibility-2484668846/compat_project/compat.pl] failed: exit status 1
        Stdout:
        Stderr: 2025-06-13T17:00:09Z [WARNING] [pvm] Read-only paths, read-write paths, and isolated output are only fully effective with high isolation
        2025-06-13T17:00:09Z [ERROR] [pvm] Execution failed: PVX-403: Perl executable not found: user configuration (Execution Error)
          Cause: stat user configuration: no such file or directory
    comprehensive_integration_test.go:263:
        	Error Trace:	/home/perigrin/dev/pvm/test/e2e/comprehensive_integration_test.go:263
        	Error:      	"" does not contain "Array sum: 15"
        	Test:       	TestComprehensiveIntegration_BackwardCompatibility
        	Messages:   	Array operations should work
    comprehensive_integration_test.go:264:
        	Error Trace:	/home/perigrin/dev/pvm/test/e2e/comprehensive_integration_test.go:264
        	Error:      	"" does not contain "Hash count: 3"
        	Test:       	TestComprehensiveIntegration_BackwardCompatibility
        	Messages:   	Hash operations should work
    comprehensive_integration_test.go:265:
        	Error Trace:	/home/perigrin/dev/pvm/test/e2e/comprehensive_integration_test.go:265
        	Error:      	"" does not contain "Pattern match successful"
        	Test:       	TestComprehensiveIntegration_BackwardCompatibility
        	Messages:   	Pattern matching should work
    comprehensive_integration_test.go:266:
        	Error Trace:	/home/perigrin/dev/pvm/test/e2e/comprehensive_integration_test.go:266
        	Error:      	"" does not contain "Upper: HELLO, WORLD!"
        	Test:       	TestComprehensiveIntegration_BackwardCompatibility
        	Messages:   	String operations should work
    comprehensive_integration_test.go:267:
        	Error Trace:	/home/perigrin/dev/pvm/test/e2e/comprehensive_integration_test.go:267
        	Error:      	"" does not contain "Compatibility test completed"
        	Test:       	TestComprehensiveIntegration_BackwardCompatibility
        	Messages:   	Test should complete

=== FAIL: test/e2e TestCrossComponentIntegration_EndToEnd (0.84s)
    integration_test.go:186: Step 1: Type checking...
    integration_test.go:187: Type checking should pass: pvm [psc check --verbose /tmp/pvm-e2e-test-TestCrossComponentIntegration_EndToEnd-1330709379/comprehensive.pl] failed: exit status 1
        Stdout: Checking /tmp/pvm-e2e-test-TestCrossComponentIntegration_EndToEnd-1330709379/comprehensive.pl...

        Stderr: Error: SYS-007: Failed to check file (System Error)
          Location: /tmp/pvm-e2e-test-TestCrossComponentIntegration_EndToEnd-1330709379/comprehensive.pl
          Cause: symbol binding failed: symbol 'Int' already declared in this scope
        Usage:
          pvm psc check [file|dir] [flags]

        Flags:
              --dump-ast        Dump AST structure for debugging
          -h, --help            help for check
          -r, --recursive       Recursively check directories
          -i, --show-inferred   Show inferred types
          -s, --strict          Exit with non-zero status if type errors are found
          -v, --verbose         Verbose output

        Global Flags:
          -d, --debug   Enable debug mode

        2025-06-13T17:00:15Z [ERROR] [pvm] System error: SYS-007: Failed to check file (System Error)
          Location: /tmp/pvm-e2e-test-TestCrossComponentIntegration_EndToEnd-1330709379/comprehensive.pl
          Cause: symbol binding failed: symbol 'Int' already declared in this scope
    integration_test.go:192: Step 2: Stripping type annotations...
    integration_test.go:199: Step 3: Executing with PVX...
    integration_test.go:214: Step 4: Testing integrated PSC run...
    integration_test.go:215: PSC run should succeed using PSC->PVX integration: pvm [psc run --verbose --perl /home/perigrin/.plenv/shims/perl /tmp/pvm-e2e-test-TestCrossComponentIntegration_EndToEnd-1330709379/comprehensive.pl] failed: exit status 1
        Stdout: Type checking failed for /tmp/pvm-e2e-test-TestCrossComponentIntegration_EndToEnd-1330709379/comprehensive.pl
          /tmp/pvm-e2e-test-TestCrossComponentIntegration_EndToEnd-1330709379/comprehensive.pl:0:0: Cannot assign ArrayRef to ArrayRef[Int] at line 7, column 1

        Stderr: Error: PSC-PSC-802: Type checking failed, aborting execution (Type Error)
        Usage:
          pvm psc run [file] [args...] [flags]

        Flags:
          -e, --env stringArray      Environment variables (KEY=VALUE)
              --flow-sensitive       Enable flow-sensitive analysis (default: true) (default true)
          -h, --help                 help for run
              --isolate              Run in isolated environment (default true)
          -m, --module stringArray   Additional modules to install
              --no-cleanup           Skip cleanup after execution
              --no-flow-sensitive    Disable flow-sensitive analysis
          -p, --perl string          Use a specific Perl version
              --skip-check           Skip type checking
              --skip-flow-checks     Skip flow-sensitive type checks but still perform refinements
          -v, --verbose              Enable verbose output

        Global Flags:
          -d, --debug   Enable debug mode

        2025-06-13T17:00:16Z [ERROR] [pvm] Error: PSC-PSC-802: Type checking failed, aborting execution (Type Error)
    integration_test.go:220:
        	Error Trace:	/home/perigrin/dev/pvm/test/e2e/integration_test.go:220
        	Error:      	"Type checking failed for /tmp/pvm-e2e-test-TestCrossComponentIntegration_EndToEnd-1330709379/comprehensive.pl\n  /tmp/pvm-e2e-test-TestCrossComponentIntegration_EndToEnd-1330709379/comprehensive.pl:0:0: Cannot assign ArrayRef to ArrayRef[Int] at line 7, column 1\n" does not contain "Numbers: 2, 4, 6, 8, 10"
        	Test:       	TestCrossComponentIntegration_EndToEnd
        	Messages:   	PSC run should show correct numbers
    integration_test.go:222:
        	Error Trace:	/home/perigrin/dev/pvm/test/e2e/integration_test.go:222
        	Error:      	"Type checking failed for /tmp/pvm-e2e-test-TestCrossComponentIntegration_EndToEnd-1330709379/comprehensive.pl\n  /tmp/pvm-e2e-test-TestCrossComponentIntegration_EndToEnd-1330709379/comprehensive.pl:0:0: Cannot assign ArrayRef to ArrayRef[Int] at line 7, column 1\n" does not contain "Sum: 30"
        	Test:       	TestCrossComponentIntegration_EndToEnd
        	Messages:   	PSC run should show correct sum

=== FAIL: test/e2e TestLSPIntegration_BasicFunctionality (0.49s)
    lsp_integration_test.go:86: Testing PSC analysis of LSP test project...
    lsp_integration_test.go:87: PSC should analyze test project successfully: pvm [psc check --verbose /tmp/pvm-e2e-test-TestLSPIntegration_BasicFunctionality-3480280047/lsp_test_project/TestModule.pm /tmp/pvm-e2e-test-TestLSPIntegration_BasicFunctionality-3480280047/lsp_test_project/test_script.pl] failed: exit status 1
        Stdout: Checking /tmp/pvm-e2e-test-TestLSPIntegration_BasicFunctionality-3480280047/lsp_test_project/TestModule.pm...

        Stderr: Error: SYS-007: Failed to check file (System Error)
          Location: /tmp/pvm-e2e-test-TestLSPIntegration_BasicFunctionality-3480280047/lsp_test_project/TestModule.pm
          Cause: SYS-007: error[TSP001]: parse error (3 ERROR nodes detected)
          --> :13:21
           |
        13 |     $counter++;
           |                     ^^^^^^ unexpected token: ''

          --> :18:29
           |
        18 |     push @$items, $item;
           |                             ^^^^^^^ unexpected token: ''

          --> :23:21
           |
        23 |     return $counter;
           |                     ^^^^^^ unexpected token: ''

        note: This indicates Perl syntax that is not yet supported by the tree-sitter grammar.
              Please add test cases for this syntax to improve parser coverage.
         (System Error)
        Usage:
          pvm psc check [file|dir] [flags]

        Flags:
              --dump-ast        Dump AST structure for debugging
          -h, --help            help for check
          -r, --recursive       Recursively check directories
          -i, --show-inferred   Show inferred types
          -s, --strict          Exit with non-zero status if type errors are found
          -v, --verbose         Verbose output

        Global Flags:
          -d, --debug   Enable debug mode

        2025-06-13T17:00:16Z [ERROR] [pvm] System error: SYS-007: Failed to check file (System Error)
          Location: /tmp/pvm-e2e-test-TestLSPIntegration_BasicFunctionality-3480280047/lsp_test_project/TestModule.pm
          Cause: SYS-007: error[TSP001]: parse error (3 ERROR nodes detected)
          --> :13:21
           |
        13 |     $counter++;
           |                     ^^^^^^ unexpected token: ''

          --> :18:29
           |
        18 |     push @$items, $item;
           |                             ^^^^^^^ unexpected token: ''

          --> :23:21
           |
        23 |     return $counter;
           |                     ^^^^^^ unexpected token: ''

        note: This indicates Perl syntax that is not yet supported by the tree-sitter grammar.
              Please add test cases for this syntax to improve parser coverage.
         (System Error)
    lsp_integration_test.go:92:
        	Error Trace:	/home/perigrin/dev/pvm/test/e2e/lsp_integration_test.go:92
        	Error:      	"Checking /tmp/pvm-e2e-test-TestLSPIntegration_BasicFunctionality-3480280047/lsp_test_project/TestModule.pm...\n" does not contain "test_script"
        	Test:       	TestLSPIntegration_BasicFunctionality
        	Messages:   	Should analyze test script
    lsp_integration_test.go:95: Testing PSC LSP command startup...
    lsp_integration_test.go:100: PSC LSP command is available
    lsp_integration_test.go:106: LSP integration foundation test completed successfully

=== FAIL: test/e2e TestLSPIntegration_ErrorHandling (0.46s)
    lsp_integration_test.go:207: Testing PSC error detection for LSP...
    lsp_integration_test.go:211:
        	Error Trace:	/home/perigrin/dev/pvm/test/e2e/lsp_integration_test.go:211
        	Error:      	An error is expected but got nil.
        	Test:       	TestLSPIntegration_ErrorHandling
        	Messages:   	PSC should detect type errors
    lsp_integration_test.go:212:
        	Error Trace:	/home/perigrin/dev/pvm/test/e2e/lsp_integration_test.go:212
        	Error:      	"" does not contain "type"
        	Test:       	TestLSPIntegration_ErrorHandling
        	Messages:   	Should report type-related errors
    lsp_integration_test.go:213: PSC error detection:
    lsp_integration_test.go:215: LSP error handling foundation test completed successfully

=== FAIL: test/e2e TestMigrationCompatibility_ExistingConfigs (0.39s)
    migration_compatibility_test.go:61: Testing old config compatibility...
    migration_compatibility_test.go:68: Old config migration needed (expected): exit status 1
    migration_compatibility_test.go:72: Testing version list with old data...
    migration_compatibility_test.go:75:
        	Error Trace:	/home/perigrin/dev/pvm/test/e2e/migration_compatibility_test.go:75
        	Error:      	"" does not contain "system"
        	Test:       	TestMigrationCompatibility_ExistingConfigs
        	Messages:   	Should show system version
    migration_compatibility_test.go:78: Testing configuration migration...

=== FAIL: test/e2e TestMigrationCompatibility_EnvironmentVariables (0.47s)
    migration_compatibility_test.go:188: Testing legacy environment variable compatibility...
    migration_compatibility_test.go:198:
        	Error Trace:	/home/perigrin/dev/pvm/test/e2e/migration_compatibility_test.go:198
        	Error:      	Should NOT be empty, but was
        	Test:       	TestMigrationCompatibility_EnvironmentVariables
        	Messages:   	Should return version list

=== FAIL: test/e2e TestMigrationCompatibility_UpgradePath (0.41s)
    migration_compatibility_test.go:456: Testing upgrade coexistence...
    migration_compatibility_test.go:459:
        	Error Trace:	/home/perigrin/dev/pvm/test/e2e/migration_compatibility_test.go:459
        	Error:      	Should NOT be empty, but was
        	Test:       	TestMigrationCompatibility_UpgradePath
        	Messages:   	Should return version information
    migration_compatibility_test.go:462: Testing data preservation...
    migration_compatibility_test.go:478: Testing essential operation: [version]
    migration_compatibility_test.go:478: Testing essential operation: [list]
    migration_compatibility_test.go:478: Testing essential operation: [config list]

=== FAIL: test/e2e TestPoolingIntegration_MemoryUsageValidation/medium_files (0.09s)
    pooling_integration_test.go:80:
        	Error Trace:	/home/perigrin/dev/pvm/test/e2e/pooling_integration_test.go:80
        	Error:      	Received unexpected error:
        	            	SYS-007: error[TSP001]: parse error (50 ERROR nodes detected)
        	            	  --> :106:30
        	            	   |
        	            	106 |     my Int $result = $input + $count0;
        	            	   |                              ^^^^^^ unexpected token: ''

        	            	  --> :111:30
        	            	   |
        	            	111 |     my Int $result = $input + $count1;
        	            	   |                              ^^^^^^ unexpected token: ''

        	            	  --> :116:30
        	            	   |
        	            	116 |     my Int $result = $input + $count2;
        	            	   |                              ^^^^^^ unexpected token: ''

        	            	  --> :121:30
        	            	   |
        	            	121 |     my Int $result = $input + $count3;
        	            	   |                              ^^^^^^ unexpected token: ''

        	            	  --> :126:30
        	            	   |
        	            	126 |     my Int $result = $input + $count4;
        	            	   |                              ^^^^^^ unexpected token: ''

        	            	  --> :131:30
        	            	   |
        	            	131 |     my Int $result = $input + $count5;
        	            	   |                              ^^^^^^ unexpected token: ''

        	            	  --> :136:30
        	            	   |
        	            	136 |     my Int $result = $input + $count6;
        	            	   |                              ^^^^^^ unexpected token: ''

        	            	  --> :141:30
        	            	   |
        	            	141 |     my Int $result = $input + $count7;
        	            	   |                              ^^^^^^ unexpected token: ''

        	            	  --> :146:30
        	            	   |
        	            	146 |     my Int $result = $input + $count8;
        	            	   |                              ^^^^^^ unexpected token: ''

        	            	  --> :151:30
        	            	   |
        	            	151 |     my Int $result = $input + $count9;
        	            	   |                              ^^^^^^ unexpected token: ''

        	            	  --> :156:31
        	            	   |
        	            	156 |     my Int $result = $input + $count10;
        	            	   |                               ^^^^^^ unexpected token: ''

        	            	  --> :161:31
        	            	   |
        	            	161 |     my Int $result = $input + $count11;
        	            	   |                               ^^^^^^ unexpected token: ''

        	            	  --> :166:31
        	            	   |
        	            	166 |     my Int $result = $input + $count12;
        	            	   |                               ^^^^^^ unexpected token: ''

        	            	  --> :171:31
        	            	   |
        	            	171 |     my Int $result = $input + $count13;
        	            	   |                               ^^^^^^ unexpected token: ''

        	            	  --> :176:31
        	            	   |
        	            	176 |     my Int $result = $input + $count14;
        	            	   |                               ^^^^^^ unexpected token: ''

        	            	  --> :181:31
        	            	   |
        	            	181 |     my Int $result = $input + $count15;
        	            	   |                               ^^^^^^ unexpected token: ''

        	            	  --> :186:31
        	            	   |
        	            	186 |     my Int $result = $input + $count16;
        	            	   |                               ^^^^^^ unexpected token: ''

        	            	  --> :191:31
        	            	   |
        	            	191 |     my Int $result = $input + $count17;
        	            	   |                               ^^^^^^ unexpected token: ''

        	            	  --> :196:31
        	            	   |
        	            	196 |     my Int $result = $input + $count18;
        	            	   |                               ^^^^^^ unexpected token: ''

        	            	  --> :201:31
        	            	   |
        	            	201 |     my Int $result = $input + $count19;
        	            	   |                               ^^^^^^ unexpected token: ''

        	            	  --> :206:31
        	            	   |
        	            	206 |     my Int $result = $input + $count20;
        	            	   |                               ^^^^^^ unexpected token: ''

        	            	  --> :211:31
        	            	   |
        	            	211 |     my Int $result = $input + $count21;
        	            	   |                               ^^^^^^ unexpected token: ''

        	            	  --> :216:31
        	            	   |
        	            	216 |     my Int $result = $input + $count22;
        	            	   |                               ^^^^^^ unexpected token: ''

        	            	  --> :221:31
        	            	   |
        	            	221 |     my Int $result = $input + $count23;
        	            	   |                               ^^^^^^ unexpected token: ''

        	            	  --> :226:31
        	            	   |
        	            	226 |     my Int $result = $input + $count24;
        	            	   |                               ^^^^^^ unexpected token: ''

        	            	  --> :231:31
        	            	   |
        	            	231 |     my Int $result = $input + $count25;
        	            	   |                               ^^^^^^ unexpected token: ''

        	            	  --> :236:31
        	            	   |
        	            	236 |     my Int $result = $input + $count26;
        	            	   |                               ^^^^^^ unexpected token: ''

        	            	  --> :241:31
        	            	   |
        	            	241 |     my Int $result = $input + $count27;
        	            	   |                               ^^^^^^ unexpected token: ''

        	            	  --> :246:31
        	            	   |
        	            	246 |     my Int $result = $input + $count28;
        	            	   |                               ^^^^^^ unexpected token: ''

        	            	  --> :251:31
        	            	   |
        	            	251 |     my Int $result = $input + $count29;
        	            	   |                               ^^^^^^ unexpected token: ''

        	            	  --> :256:31
        	            	   |
        	            	256 |     my Int $result = $input + $count30;
        	            	   |                               ^^^^^^ unexpected token: ''

        	            	  --> :261:31
        	            	   |
        	            	261 |     my Int $result = $input + $count31;
        	            	   |                               ^^^^^^ unexpected token: ''

        	            	  --> :266:31
        	            	   |
        	            	266 |     my Int $result = $input + $count32;
        	            	   |                               ^^^^^^ unexpected token: ''

        	            	  --> :271:31
        	            	   |
        	            	271 |     my Int $result = $input + $count33;
        	            	   |                               ^^^^^^ unexpected token: ''

        	            	  --> :276:31
        	            	   |
        	            	276 |     my Int $result = $input + $count34;
        	            	   |                               ^^^^^^ unexpected token: ''

        	            	  --> :281:31
        	            	   |
        	            	281 |     my Int $result = $input + $count35;
        	            	   |                               ^^^^^^ unexpected token: ''

        	            	  --> :286:31
        	            	   |
        	            	286 |     my Int $result = $input + $count36;
        	            	   |                               ^^^^^^ unexpected token: ''

        	            	  --> :291:31
        	            	   |
        	            	291 |     my Int $result = $input + $count37;
        	            	   |                               ^^^^^^ unexpected token: ''

        	            	  --> :296:31
        	            	   |
        	            	296 |     my Int $result = $input + $count38;
        	            	   |                               ^^^^^^ unexpected token: ''

        	            	  --> :301:31
        	            	   |
        	            	301 |     my Int $result = $input + $count39;
        	            	   |                               ^^^^^^ unexpected token: ''

        	            	  --> :306:31
        	            	   |
        	            	306 |     my Int $result = $input + $count40;
        	            	   |                               ^^^^^^ unexpected token: ''

        	            	  --> :311:31
        	            	   |
        	            	311 |     my Int $result = $input + $count41;
        	            	   |                               ^^^^^^ unexpected token: ''

        	            	  --> :316:31
        	            	   |
        	            	316 |     my Int $result = $input + $count42;
        	            	   |                               ^^^^^^ unexpected token: ''

        	            	  --> :321:31
        	            	   |
        	            	321 |     my Int $result = $input + $count43;
        	            	   |                               ^^^^^^ unexpected token: ''

        	            	  --> :326:31
        	            	   |
        	            	326 |     my Int $result = $input + $count44;
        	            	   |                               ^^^^^^ unexpected token: ''

        	            	  --> :331:31
        	            	   |
        	            	331 |     my Int $result = $input + $count45;
        	            	   |                               ^^^^^^ unexpected token: ''

        	            	  --> :336:31
        	            	   |
        	            	336 |     my Int $result = $input + $count46;
        	            	   |                               ^^^^^^ unexpected token: ''

        	            	  --> :341:31
        	            	   |
        	            	341 |     my Int $result = $input + $count47;
        	            	   |                               ^^^^^^ unexpected token: ''

        	            	  --> :346:31
        	            	   |
        	            	346 |     my Int $result = $input + $count48;
        	            	   |                               ^^^^^^ unexpected token: ''

        	            	  --> :351:31
        	            	   |
        	            	351 |     my Int $result = $input + $count49;
        	            	   |                               ^^^^^^ unexpected token: ''

        	            	note: This indicates Perl syntax that is not yet supported by the tree-sitter grammar.
        	            	      Please add test cases for this syntax to improve parser coverage.
        	            	 (System Error)
        	Test:       	TestPoolingIntegration_MemoryUsageValidation/medium_files

=== FAIL: test/e2e TestPoolingIntegration_MemoryUsageValidation/large_files (0.16s)
    pooling_integration_test.go:80:
        	Error Trace:	/home/perigrin/dev/pvm/test/e2e/pooling_integration_test.go:80
        	Error:      	Received unexpected error:
        	            	SYS-007: error[TSP001]: parse error (33 ERROR nodes detected)
        	            	  --> :131:52
        	            	   |
        	            	131 |     my Type0 $local1 = $param1;
        	            	   |                                                    ^^^^^^^^ unexpected token: ''

        	            	  --> :146:52
        	            	   |
        	            	146 |     my Type1 $local1 = $param1;
        	            	   |                                                    ^^^^^^^^ unexpected token: ''

        	            	  --> :161:52
        	            	   |
        	            	161 |     my Type2 $local1 = $param1;
        	            	   |                                                    ^^^^^^^^ unexpected token: ''

        	            	  --> :176:52
        	            	   |
        	            	176 |     my Type3 $local1 = $param1;
        	            	   |                                                    ^^^^^^^^ unexpected token: ''

        	            	  --> :191:52
        	            	   |
        	            	191 |     my Type4 $local1 = $param1;
        	            	   |                                                    ^^^^^^^^ unexpected token: ''

        	            	  --> :206:52
        	            	   |
        	            	206 |     my Type5 $local1 = $param1;
        	            	   |                                                    ^^^^^^^^ unexpected token: ''

        	            	  --> :221:52
        	            	   |
        	            	221 |     my Type6 $local1 = $param1;
        	            	   |                                                    ^^^^^^^^ unexpected token: ''

        	            	  --> :236:52
        	            	   |
        	            	236 |     my Type7 $local1 = $param1;
        	            	   |                                                    ^^^^^^^^ unexpected token: ''

        	            	  --> :251:52
        	            	   |
        	            	251 |     my Type8 $local1 = $param1;
        	            	   |                                                    ^^^^^^^^ unexpected token: ''

        	            	  --> :266:52
        	            	   |
        	            	266 |     my Type9 $local1 = $param1;
        	            	   |                                                    ^^^^^^^^ unexpected token: ''

        	            	  --> :281:54
        	            	   |
        	            	281 |     my Type10 $local1 = $param1;
        	            	   |                                                      ^^^^^^^^^ unexpected token: ''

        	            	  --> :296:54
        	            	   |
        	            	296 |     my Type11 $local1 = $param1;
        	            	   |                                                      ^^^^^^^^^ unexpected token: ''

        	            	  --> :311:54
        	            	   |
        	            	311 |     my Type12 $local1 = $param1;
        	            	   |                                                      ^^^^^^^^^ unexpected token: ''

        	            	  --> :326:54
        	            	   |
        	            	326 |     my Type13 $local1 = $param1;
        	            	   |                                                      ^^^^^^^^^ unexpected token: ''

        	            	  --> :341:54
        	            	   |
        	            	341 |     my Type14 $local1 = $param1;
        	            	   |                                                      ^^^^^^^^^ unexpected token: ''

        	            	  --> :356:54
        	            	   |
        	            	356 |     my Type15 $local1 = $param1;
        	            	   |                                                      ^^^^^^^^^ unexpected token: ''

        	            	  --> :371:54
        	            	   |
        	            	371 |     my Type16 $local1 = $param1;
        	            	   |                                                      ^^^^^^^^^ unexpected token: ''

        	            	  --> :386:54
        	            	   |
        	            	386 |     my Type17 $local1 = $param1;
        	            	   |                                                      ^^^^^^^^^ unexpected token: ''

        	            	  --> :401:54
        	            	   |
        	            	401 |     my Type18 $local1 = $param1;
        	            	   |                                                      ^^^^^^^^^ unexpected token: ''

        	            	  --> :416:54
        	            	   |
        	            	416 |     my Type19 $local1 = $param1;
        	            	   |                                                      ^^^^^^^^^ unexpected token: ''

        	            	  --> :431:54
        	            	   |
        	            	431 |     my Type20 $local1 = $param1;
        	            	   |                                                      ^^^^^^^^^ unexpected token: ''

        	            	  --> :446:54
        	            	   |
        	            	446 |     my Type21 $local1 = $param1;
        	            	   |                                                      ^^^^^^^^^ unexpected token: ''

        	            	  --> :461:54
        	            	   |
        	            	461 |     my Type22 $local1 = $param1;
        	            	   |                                                      ^^^^^^^^^ unexpected token: ''

        	            	  --> :476:54
        	            	   |
        	            	476 |     my Type23 $local1 = $param1;
        	            	   |                                                      ^^^^^^^^^ unexpected token: ''

        	            	  --> :491:54
        	            	   |
        	            	491 |     my Type24 $local1 = $param1;
        	            	   |                                                      ^^^^^^^^^ unexpected token: ''

        	            	  --> :506:53
        	            	   |
        	            	506 |     my Type0 $local1 = $param1;
        	            	   |                                                     ^^^^^^^^ unexpected token: ''

        	            	  --> :521:53
        	            	   |
        	            	521 |     my Type1 $local1 = $param1;
        	            	   |                                                     ^^^^^^^^ unexpected token: ''

        	            	  --> :536:53
        	            	   |
        	            	536 |     my Type2 $local1 = $param1;
        	            	   |                                                     ^^^^^^^^ unexpected token: ''

        	            	  --> :551:53
        	            	   |
        	            	551 |     my Type3 $local1 = $param1;
        	            	   |                                                     ^^^^^^^^ unexpected token: ''

        	            	  --> :566:53
        	            	   |
        	            	566 |     my Type4 $local1 = $param1;
        	            	   |                                                     ^^^^^^^^ unexpected token: ''

        	            	  --> :581:53
        	            	   |
        	            	581 |     my Type5 $local1 = $param1;
        	            	   |                                                     ^^^^^^^^ unexpected token: ''

        	            	  --> :596:53
        	            	   |
        	            	596 |     my Type6 $local1 = $param1;
        	            	   |                                                     ^^^^^^^^ unexpected token: ''

        	            	  --> :611:53
        	            	   |
        	            	611 |     my Type7 $local1 = $param1;
        	            	   |                                                     ^^^^^^^^ unexpected token: ''

        	            	note: This indicates Perl syntax that is not yet supported by the tree-sitter grammar.
        	            	      Please add test cases for this syntax to improve parser coverage.
        	            	 (System Error)
        	Test:       	TestPoolingIntegration_MemoryUsageValidation/large_files

=== FAIL: test/e2e TestPoolingIntegration_MemoryUsageValidation (0.82s)

=== FAIL: test/e2e TestPoolingIntegration_ConcurrentUsage (0.62s)
    pooling_integration_test.go:213:
        	Error Trace:	/home/perigrin/dev/pvm/test/e2e/pooling_integration_test.go:213
        	Error:      	Received unexpected error:
        	            	worker 0: failed to parse file 0: SYS-007: error[TSP001]: parse error (25 ERROR nodes detected)
        	            	  --> :56:30
        	            	   |
        	            	56 |     my Int $result = $input + $count0;
        	            	   |                              ^^^^^^ unexpected token: ''

        	            	  --> :61:30
        	            	   |
        	            	61 |     my Int $result = $input + $count1;
        	            	   |                              ^^^^^^ unexpected token: ''

        	            	  --> :66:30
        	            	   |
        	            	66 |     my Int $result = $input + $count2;
        	            	   |                              ^^^^^^ unexpected token: ''

        	            	  --> :71:30
        	            	   |
        	            	71 |     my Int $result = $input + $count3;
        	            	   |                              ^^^^^^ unexpected token: ''

        	            	  --> :76:30
        	            	   |
        	            	76 |     my Int $result = $input + $count4;
        	            	   |                              ^^^^^^ unexpected token: ''

        	            	  --> :81:30
        	            	   |
        	            	81 |     my Int $result = $input + $count5;
        	            	   |                              ^^^^^^ unexpected token: ''

        	            	  --> :86:30
        	            	   |
        	            	86 |     my Int $result = $input + $count6;
        	            	   |                              ^^^^^^ unexpected token: ''

        	            	  --> :91:30
        	            	   |
        	            	91 |     my Int $result = $input + $count7;
        	            	   |                              ^^^^^^ unexpected token: ''

        	            	  --> :96:30
        	            	   |
        	            	96 |     my Int $result = $input + $count8;
        	            	   |                              ^^^^^^ unexpected token: ''

        	            	  --> :101:30
        	            	   |
        	            	101 |     my Int $result = $input + $count9;
        	            	   |                              ^^^^^^ unexpected token: ''

        	            	  --> :106:31
        	            	   |
        	            	106 |     my Int $result = $input + $count10;
        	            	   |                               ^^^^^^ unexpected token: ''

        	            	  --> :111:31
        	            	   |
        	            	111 |     my Int $result = $input + $count11;
        	            	   |                               ^^^^^^ unexpected token: ''

        	            	  --> :116:31
        	            	   |
        	            	116 |     my Int $result = $input + $count12;
        	            	   |                               ^^^^^^ unexpected token: ''

        	            	  --> :121:31
        	            	   |
        	            	121 |     my Int $result = $input + $count13;
        	            	   |                               ^^^^^^ unexpected token: ''

        	            	  --> :126:31
        	            	   |
        	            	126 |     my Int $result = $input + $count14;
        	            	   |                               ^^^^^^ unexpected token: ''

        	            	  --> :131:31
        	            	   |
        	            	131 |     my Int $result = $input + $count15;
        	            	   |                               ^^^^^^ unexpected token: ''

        	            	  --> :136:31
        	            	   |
        	            	136 |     my Int $result = $input + $count16;
        	            	   |                               ^^^^^^ unexpected token: ''

        	            	  --> :141:31
        	            	   |
        	            	141 |     my Int $result = $input + $count17;
        	            	   |                               ^^^^^^ unexpected token: ''

        	            	  --> :146:31
        	            	   |
        	            	146 |     my Int $result = $input + $count18;
        	            	   |                               ^^^^^^ unexpected token: ''

        	            	  --> :151:31
        	            	   |
        	            	151 |     my Int $result = $input + $count19;
        	            	   |                               ^^^^^^ unexpected token: ''

        	            	  --> :156:31
        	            	   |
        	            	156 |     my Int $result = $input + $count20;
        	            	   |                               ^^^^^^ unexpected token: ''

        	            	  --> :161:31
        	            	   |
        	            	161 |     my Int $result = $input + $count21;
        	            	   |                               ^^^^^^ unexpected token: ''

        	            	  --> :166:31
        	            	   |
        	            	166 |     my Int $result = $input + $count22;
        	            	   |                               ^^^^^^ unexpected token: ''

        	            	  --> :171:31
        	            	   |
        	            	171 |     my Int $result = $input + $count23;
        	            	   |                               ^^^^^^ unexpected token: ''

        	            	  --> :176:31
        	            	   |
        	            	176 |     my Int $result = $input + $count24;
        	            	   |                               ^^^^^^ unexpected token: ''

        	            	note: This indicates Perl syntax that is not yet supported by the tree-sitter grammar.
        	            	      Please add test cases for this syntax to improve parser coverage.
        	            	 (System Error)
        	Test:       	TestPoolingIntegration_ConcurrentUsage
        	Messages:   	Concurrent worker should not fail
    pooling_integration_test.go:213:
        	Error Trace:	/home/perigrin/dev/pvm/test/e2e/pooling_integration_test.go:213
        	Error:      	Received unexpected error:
        	            	worker 4: failed to parse file 0: SYS-007: error[TSP001]: parse error (25 ERROR nodes detected)
        	            	  --> :56:30
        	            	   |
        	            	56 |     my Int $result = $input + $count0;
        	            	   |                              ^^^^^^ unexpected token: ''

        	            	  --> :61:30
        	            	   |
        	            	61 |     my Int $result = $input + $count1;
        	            	   |                              ^^^^^^ unexpected token: ''

        	            	  --> :66:30
        	            	   |
        	            	66 |     my Int $result = $input + $count2;
        	            	   |                              ^^^^^^ unexpected token: ''

        	            	  --> :71:30
        	            	   |
        	            	71 |     my Int $result = $input + $count3;
        	            	   |                              ^^^^^^ unexpected token: ''

        	            	  --> :76:30
        	            	   |
        	            	76 |     my Int $result = $input + $count4;
        	            	   |                              ^^^^^^ unexpected token: ''

        	            	  --> :81:30
        	            	   |
        	            	81 |     my Int $result = $input + $count5;
        	            	   |                              ^^^^^^ unexpected token: ''

        	            	  --> :86:30
        	            	   |
        	            	86 |     my Int $result = $input + $count6;
        	            	   |                              ^^^^^^ unexpected token: ''

        	            	  --> :91:30
        	            	   |
        	            	91 |     my Int $result = $input + $count7;
        	            	   |                              ^^^^^^ unexpected token: ''

        	            	  --> :96:30
        	            	   |
        	            	96 |     my Int $result = $input + $count8;
        	            	   |                              ^^^^^^ unexpected token: ''

        	            	  --> :101:30
        	            	   |
        	            	101 |     my Int $result = $input + $count9;
        	            	   |                              ^^^^^^ unexpected token: ''

        	            	  --> :106:31
        	            	   |
        	            	106 |     my Int $result = $input + $count10;
        	            	   |                               ^^^^^^ unexpected token: ''

        	            	  --> :111:31
        	            	   |
        	            	111 |     my Int $result = $input + $count11;
        	            	   |                               ^^^^^^ unexpected token: ''

        	            	  --> :116:31
        	            	   |
        	            	116 |     my Int $result = $input + $count12;
        	            	   |                               ^^^^^^ unexpected token: ''

        	            	  --> :121:31
        	            	   |
        	            	121 |     my Int $result = $input + $count13;
        	            	   |                               ^^^^^^ unexpected token: ''

        	            	  --> :126:31
        	            	   |
        	            	126 |     my Int $result = $input + $count14;
        	            	   |                               ^^^^^^ unexpected token: ''

        	            	  --> :131:31
        	            	   |
        	            	131 |     my Int $result = $input + $count15;
        	            	   |                               ^^^^^^ unexpected token: ''

        	            	  --> :136:31
        	            	   |
        	            	136 |     my Int $result = $input + $count16;
        	            	   |                               ^^^^^^ unexpected token: ''

        	            	  --> :141:31
        	            	   |
        	            	141 |     my Int $result = $input + $count17;
        	            	   |                               ^^^^^^ unexpected token: ''

        	            	  --> :146:31
        	            	   |
        	            	146 |     my Int $result = $input + $count18;
        	            	   |                               ^^^^^^ unexpected token: ''

        	            	  --> :151:31
        	            	   |
        	            	151 |     my Int $result = $input + $count19;
        	            	   |                               ^^^^^^ unexpected token: ''

        	            	  --> :156:31
        	            	   |
        	            	156 |     my Int $result = $input + $count20;
        	            	   |                               ^^^^^^ unexpected token: ''

        	            	  --> :161:31
        	            	   |
        	            	161 |     my Int $result = $input + $count21;
        	            	   |                               ^^^^^^ unexpected token: ''

        	            	  --> :166:31
        	            	   |
        	            	166 |     my Int $result = $input + $count22;
        	            	   |                               ^^^^^^ unexpected token: ''

        	            	  --> :171:31
        	            	   |
        	            	171 |     my Int $result = $input + $count23;
        	            	   |                               ^^^^^^ unexpected token: ''

        	            	  --> :176:31
        	            	   |
        	            	176 |     my Int $result = $input + $count24;
        	            	   |                               ^^^^^^ unexpected token: ''

        	            	note: This indicates Perl syntax that is not yet supported by the tree-sitter grammar.
        	            	      Please add test cases for this syntax to improve parser coverage.
        	            	 (System Error)
        	Test:       	TestPoolingIntegration_ConcurrentUsage
        	Messages:   	Concurrent worker should not fail
    pooling_integration_test.go:213:
        	Error Trace:	/home/perigrin/dev/pvm/test/e2e/pooling_integration_test.go:213
        	Error:      	Received unexpected error:
        	            	worker 1: failed to parse file 0: SYS-007: error[TSP001]: parse error (25 ERROR nodes detected)
        	            	  --> :56:30
        	            	   |
        	            	56 |     my Int $result = $input + $count0;
        	            	   |                              ^^^^^^ unexpected token: ''

        	            	  --> :61:30
        	            	   |
        	            	61 |     my Int $result = $input + $count1;
        	            	   |                              ^^^^^^ unexpected token: ''

        	            	  --> :66:30
        	            	   |
        	            	66 |     my Int $result = $input + $count2;
        	            	   |                              ^^^^^^ unexpected token: ''

        	            	  --> :71:30
        	            	   |
        	            	71 |     my Int $result = $input + $count3;
        	            	   |                              ^^^^^^ unexpected token: ''

        	            	  --> :76:30
        	            	   |
        	            	76 |     my Int $result = $input + $count4;
        	            	   |                              ^^^^^^ unexpected token: ''

        	            	  --> :81:30
        	            	   |
        	            	81 |     my Int $result = $input + $count5;
        	            	   |                              ^^^^^^ unexpected token: ''

        	            	  --> :86:30
        	            	   |
        	            	86 |     my Int $result = $input + $count6;
        	            	   |                              ^^^^^^ unexpected token: ''

        	            	  --> :91:30
        	            	   |
        	            	91 |     my Int $result = $input + $count7;
        	            	   |                              ^^^^^^ unexpected token: ''

        	            	  --> :96:30
        	            	   |
        	            	96 |     my Int $result = $input + $count8;
        	            	   |                              ^^^^^^ unexpected token: ''

        	            	  --> :101:30
        	            	   |
        	            	101 |     my Int $result = $input + $count9;
        	            	   |                              ^^^^^^ unexpected token: ''

        	            	  --> :106:31
        	            	   |
        	            	106 |     my Int $result = $input + $count10;
        	            	   |                               ^^^^^^ unexpected token: ''

        	            	  --> :111:31
        	            	   |
        	            	111 |     my Int $result = $input + $count11;
        	            	   |                               ^^^^^^ unexpected token: ''

        	            	  --> :116:31
        	            	   |
        	            	116 |     my Int $result = $input + $count12;
        	            	   |                               ^^^^^^ unexpected token: ''

        	            	  --> :121:31
        	            	   |
        	            	121 |     my Int $result = $input + $count13;
        	            	   |                               ^^^^^^ unexpected token: ''

        	            	  --> :126:31
        	            	   |
        	            	126 |     my Int $result = $input + $count14;
        	            	   |                               ^^^^^^ unexpected token: ''

        	            	  --> :131:31
        	            	   |
        	            	131 |     my Int $result = $input + $count15;
        	            	   |                               ^^^^^^ unexpected token: ''

        	            	  --> :136:31
        	            	   |
        	            	136 |     my Int $result = $input + $count16;
        	            	   |                               ^^^^^^ unexpected token: ''

        	            	  --> :141:31
        	            	   |
        	            	141 |     my Int $result = $input + $count17;
        	            	   |                               ^^^^^^ unexpected token: ''

        	            	  --> :146:31
        	            	   |
        	            	146 |     my Int $result = $input + $count18;
        	            	   |                               ^^^^^^ unexpected token: ''

        	            	  --> :151:31
        	            	   |
        	            	151 |     my Int $result = $input + $count19;
        	            	   |                               ^^^^^^ unexpected token: ''

        	            	  --> :156:31
        	            	   |
        	            	156 |     my Int $result = $input + $count20;
        	            	   |                               ^^^^^^ unexpected token: ''

        	            	  --> :161:31
        	            	   |
        	            	161 |     my Int $result = $input + $count21;
        	            	   |                               ^^^^^^ unexpected token: ''

        	            	  --> :166:31
        	            	   |
        	            	166 |     my Int $result = $input + $count22;
        	            	   |                               ^^^^^^ unexpected token: ''

        	            	  --> :171:31
        	            	   |
        	            	171 |     my Int $result = $input + $count23;
        	            	   |                               ^^^^^^ unexpected token: ''

        	            	  --> :176:31
        	            	   |
        	            	176 |     my Int $result = $input + $count24;
        	            	   |                               ^^^^^^ unexpected token: ''

        	            	note: This indicates Perl syntax that is not yet supported by the tree-sitter grammar.
        	            	      Please add test cases for this syntax to improve parser coverage.
        	            	 (System Error)
        	Test:       	TestPoolingIntegration_ConcurrentUsage
        	Messages:   	Concurrent worker should not fail
    pooling_integration_test.go:213:
        	Error Trace:	/home/perigrin/dev/pvm/test/e2e/pooling_integration_test.go:213
        	Error:      	Received unexpected error:
        	            	worker 3: failed to parse file 0: SYS-007: error[TSP001]: parse error (25 ERROR nodes detected)
        	            	  --> :56:30
        	            	   |
        	            	56 |     my Int $result = $input + $count0;
        	            	   |                              ^^^^^^ unexpected token: ''

        	            	  --> :61:30
        	            	   |
        	            	61 |     my Int $result = $input + $count1;
        	            	   |                              ^^^^^^ unexpected token: ''

        	            	  --> :66:30
        	            	   |
        	            	66 |     my Int $result = $input + $count2;
        	            	   |                              ^^^^^^ unexpected token: ''

        	            	  --> :71:30
        	            	   |
        	            	71 |     my Int $result = $input + $count3;
        	            	   |                              ^^^^^^ unexpected token: ''

        	            	  --> :76:30
        	            	   |
        	            	76 |     my Int $result = $input + $count4;
        	            	   |                              ^^^^^^ unexpected token: ''

        	            	  --> :81:30
        	            	   |
        	            	81 |     my Int $result = $input + $count5;
        	            	   |                              ^^^^^^ unexpected token: ''

        	            	  --> :86:30
        	            	   |
        	            	86 |     my Int $result = $input + $count6;
        	            	   |                              ^^^^^^ unexpected token: ''

        	            	  --> :91:30
        	            	   |
        	            	91 |     my Int $result = $input + $count7;
        	            	   |                              ^^^^^^ unexpected token: ''

        	            	  --> :96:30
        	            	   |
        	            	96 |     my Int $result = $input + $count8;
        	            	   |                              ^^^^^^ unexpected token: ''

        	            	  --> :101:30
        	            	   |
        	            	101 |     my Int $result = $input + $count9;
        	            	   |                              ^^^^^^ unexpected token: ''

        	            	  --> :106:31
        	            	   |
        	            	106 |     my Int $result = $input + $count10;
        	            	   |                               ^^^^^^ unexpected token: ''

        	            	  --> :111:31
        	            	   |
        	            	111 |     my Int $result = $input + $count11;
        	            	   |                               ^^^^^^ unexpected token: ''

        	            	  --> :116:31
        	            	   |
        	            	116 |     my Int $result = $input + $count12;
        	            	   |                               ^^^^^^ unexpected token: ''

        	            	  --> :121:31
        	            	   |
        	            	121 |     my Int $result = $input + $count13;
        	            	   |                               ^^^^^^ unexpected token: ''

        	            	  --> :126:31
        	            	   |
        	            	126 |     my Int $result = $input + $count14;
        	            	   |                               ^^^^^^ unexpected token: ''

        	            	  --> :131:31
        	            	   |
        	            	131 |     my Int $result = $input + $count15;
        	            	   |                               ^^^^^^ unexpected token: ''

        	            	  --> :136:31
        	            	   |
        	            	136 |     my Int $result = $input + $count16;
        	            	   |                               ^^^^^^ unexpected token: ''

        	            	  --> :141:31
        	            	   |
        	            	141 |     my Int $result = $input + $count17;
        	            	   |                               ^^^^^^ unexpected token: ''

        	            	  --> :146:31
        	            	   |
        	            	146 |     my Int $result = $input + $count18;
        	            	   |                               ^^^^^^ unexpected token: ''

        	            	  --> :151:31
        	            	   |
        	            	151 |     my Int $result = $input + $count19;
        	            	   |                               ^^^^^^ unexpected token: ''

        	            	  --> :156:31
        	            	   |
        	            	156 |     my Int $result = $input + $count20;
        	            	   |                               ^^^^^^ unexpected token: ''

        	            	  --> :161:31
        	            	   |
        	            	161 |     my Int $result = $input + $count21;
        	            	   |                               ^^^^^^ unexpected token: ''

        	            	  --> :166:31
        	            	   |
        	            	166 |     my Int $result = $input + $count22;
        	            	   |                               ^^^^^^ unexpected token: ''

        	            	  --> :171:31
        	            	   |
        	            	171 |     my Int $result = $input + $count23;
        	            	   |                               ^^^^^^ unexpected token: ''

        	            	  --> :176:31
        	            	   |
        	            	176 |     my Int $result = $input + $count24;
        	            	   |                               ^^^^^^ unexpected token: ''

        	            	note: This indicates Perl syntax that is not yet supported by the tree-sitter grammar.
        	            	      Please add test cases for this syntax to improve parser coverage.
        	            	 (System Error)
        	Test:       	TestPoolingIntegration_ConcurrentUsage
        	Messages:   	Concurrent worker should not fail
    pooling_integration_test.go:213:
        	Error Trace:	/home/perigrin/dev/pvm/test/e2e/pooling_integration_test.go:213
        	Error:      	Received unexpected error:
        	            	worker 2: failed to parse file 0: SYS-007: error[TSP001]: parse error (25 ERROR nodes detected)
        	            	  --> :56:30
        	            	   |
        	            	56 |     my Int $result = $input + $count0;
        	            	   |                              ^^^^^^ unexpected token: ''

        	            	  --> :61:30
        	            	   |
        	            	61 |     my Int $result = $input + $count1;
        	            	   |                              ^^^^^^ unexpected token: ''

        	            	  --> :66:30
        	            	   |
        	            	66 |     my Int $result = $input + $count2;
        	            	   |                              ^^^^^^ unexpected token: ''

        	            	  --> :71:30
        	            	   |
        	            	71 |     my Int $result = $input + $count3;
        	            	   |                              ^^^^^^ unexpected token: ''

        	            	  --> :76:30
        	            	   |
        	            	76 |     my Int $result = $input + $count4;
        	            	   |                              ^^^^^^ unexpected token: ''

        	            	  --> :81:30
        	            	   |
        	            	81 |     my Int $result = $input + $count5;
        	            	   |                              ^^^^^^ unexpected token: ''

        	            	  --> :86:30
        	            	   |
        	            	86 |     my Int $result = $input + $count6;
        	            	   |                              ^^^^^^ unexpected token: ''

        	            	  --> :91:30
        	            	   |
        	            	91 |     my Int $result = $input + $count7;
        	            	   |                              ^^^^^^ unexpected token: ''

        	            	  --> :96:30
        	            	   |
        	            	96 |     my Int $result = $input + $count8;
        	            	   |                              ^^^^^^ unexpected token: ''

        	            	  --> :101:30
        	            	   |
        	            	101 |     my Int $result = $input + $count9;
        	            	   |                              ^^^^^^ unexpected token: ''

        	            	  --> :106:31
        	            	   |
        	            	106 |     my Int $result = $input + $count10;
        	            	   |                               ^^^^^^ unexpected token: ''

        	            	  --> :111:31
        	            	   |
        	            	111 |     my Int $result = $input + $count11;
        	            	   |                               ^^^^^^ unexpected token: ''

        	            	  --> :116:31
        	            	   |
        	            	116 |     my Int $result = $input + $count12;
        	            	   |                               ^^^^^^ unexpected token: ''

        	            	  --> :121:31
        	            	   |
        	            	121 |     my Int $result = $input + $count13;
        	            	   |                               ^^^^^^ unexpected token: ''

        	            	  --> :126:31
        	            	   |
        	            	126 |     my Int $result = $input + $count14;
        	            	   |                               ^^^^^^ unexpected token: ''

        	            	  --> :131:31
        	            	   |
        	            	131 |     my Int $result = $input + $count15;
        	            	   |                               ^^^^^^ unexpected token: ''

        	            	  --> :136:31
        	            	   |
        	            	136 |     my Int $result = $input + $count16;
        	            	   |                               ^^^^^^ unexpected token: ''

        	            	  --> :141:31
        	            	   |
        	            	141 |     my Int $result = $input + $count17;
        	            	   |                               ^^^^^^ unexpected token: ''

        	            	  --> :146:31
        	            	   |
        	            	146 |     my Int $result = $input + $count18;
        	            	   |                               ^^^^^^ unexpected token: ''

        	            	  --> :151:31
        	            	   |
        	            	151 |     my Int $result = $input + $count19;
        	            	   |                               ^^^^^^ unexpected token: ''

        	            	  --> :156:31
        	            	   |
        	            	156 |     my Int $result = $input + $count20;
        	            	   |                               ^^^^^^ unexpected token: ''

        	            	  --> :161:31
        	            	   |
        	            	161 |     my Int $result = $input + $count21;
        	            	   |                               ^^^^^^ unexpected token: ''

        	            	  --> :166:31
        	            	   |
        	            	166 |     my Int $result = $input + $count22;
        	            	   |                               ^^^^^^ unexpected token: ''

        	            	  --> :171:31
        	            	   |
        	            	171 |     my Int $result = $input + $count23;
        	            	   |                               ^^^^^^ unexpected token: ''

        	            	  --> :176:31
        	            	   |
        	            	176 |     my Int $result = $input + $count24;
        	            	   |                               ^^^^^^ unexpected token: ''

        	            	note: This indicates Perl syntax that is not yet supported by the tree-sitter grammar.
        	            	      Please add test cases for this syntax to improve parser coverage.
        	            	 (System Error)
        	Test:       	TestPoolingIntegration_ConcurrentUsage
        	Messages:   	Concurrent worker should not fail
    pooling_integration_test.go:219: Concurrent test completed - Total allocations: 0, Pool hits: 0, Leaks: 0

=== FAIL: test/e2e TestPoolingIntegration_LSPOperations (0.50s)
    pooling_integration_test.go:262:
        	Error Trace:	/home/perigrin/dev/pvm/test/e2e/pooling_integration_test.go:262
        	Error:      	Received unexpected error:
        	            	UnknownTypeError: Syntax error in type expression
        	Test:       	TestPoolingIntegration_LSPOperations

=== FAIL: test/e2e TestPoolingIntegration_BackwardCompatibility/basic_typed_perl (0.00s)
    pooling_integration_test.go:599:
        	Error Trace:	/home/perigrin/dev/pvm/test/e2e/pooling_integration_test.go:599
        	Error:      	Received unexpected error:
        	            	SYS-007: error[TSP001]: parse error (1 ERROR nodes detected)
        	            	  --> :8:17
        	            	   |
        	            	 8 |     return "Hello, $name!";
        	            	   |                 ^^^^^^ unexpected token: ''

        	            	note: This indicates Perl syntax that is not yet supported by the tree-sitter grammar.
        	            	      Please add test cases for this syntax to improve parser coverage.
        	            	 (System Error)
        	Test:       	TestPoolingIntegration_BackwardCompatibility/basic_typed_perl

=== FAIL: test/e2e TestPoolingIntegration_BackwardCompatibility/complex_types (0.00s)
    pooling_integration_test.go:599:
        	Error Trace:	/home/perigrin/dev/pvm/test/e2e/pooling_integration_test.go:599
        	Error:      	Received unexpected error:
        	            	SYS-007: error[TSP001]: parse error (1 ERROR nodes detected)
        	            	  --> :11:37
        	            	   |
        	            	11 |     if (ref($input) eq 'SCALAR') {
        	            	   |                                     ^^^^^^^^^^^^^^ unexpected token: ''

        	            	note: This indicates Perl syntax that is not yet supported by the tree-sitter grammar.
        	            	      Please add test cases for this syntax to improve parser coverage.
        	            	 (System Error)
        	Test:       	TestPoolingIntegration_BackwardCompatibility/complex_types

=== FAIL: test/e2e TestPoolingIntegration_BackwardCompatibility (0.44s)

=== FAIL: test/e2e TestPSCBasicTypeChecking (0.35s)
    psc_test.go:53:
        	Error Trace:	/home/perigrin/dev/pvm/test/e2e/psc_test.go:53
        	Error:      	Received unexpected error:
        	            	exit status 1
        	Test:       	TestPSCBasicTypeChecking
        	Messages:   	PSC check command should run without crashing
    psc_test.go:54:
        	Error Trace:	/home/perigrin/dev/pvm/test/e2e/psc_test.go:54
        	Error:      	"Checking /tmp/pvm-e2e-test-TestPSCBasicTypeChecking-4197694469/sample.pl...\n" does not contain "Found 7 type annotations"
        	Test:       	TestPSCBasicTypeChecking
        	Messages:   	Should find type annotations

=== FAIL: test/e2e TestPSCCompleteWorkflow (0.56s)
    psc_test.go:195: Step 1: Type checking...
    psc_test.go:197:
        	Error Trace:	/home/perigrin/dev/pvm/test/e2e/psc_test.go:197
        	Error:      	Received unexpected error:
        	            	exit status 1
        	Test:       	TestPSCCompleteWorkflow
        	Messages:   	Type checking command should run
    psc_test.go:198:
        	Error Trace:	/home/perigrin/dev/pvm/test/e2e/psc_test.go:198
        	Error:      	"Checking /tmp/pvm-e2e-test-TestPSCCompleteWorkflow-2675708746/complex_sample.pl...\n" does not contain "Found 2 type annotations"
        	Test:       	TestPSCCompleteWorkflow
        	Messages:   	Should find annotations
    psc_test.go:201: Step 2: Stripping type annotations...
    psc_test.go:207: Step 3: Verifying stripped Perl...
    psc_test.go:227: Step 4: Syntax checking stripped Perl...

=== FAIL: test/e2e TestPSCRoundTripConsistency (0.48s)
    psc_test.go:265: Checking original typed version...
    psc_test.go:266: Original typed version should type check: pvm [psc check /tmp/pvm-e2e-test-TestPSCRoundTripConsistency-2731665138/roundtrip_original.pl] failed: exit status 1
        Stdout:
        Stderr: Error: SYS-007: Failed to check file (System Error)
          Location: /tmp/pvm-e2e-test-TestPSCRoundTripConsistency-2731665138/roundtrip_original.pl
          Cause: symbol binding failed: symbol 'Int' already declared in this scope
        Usage:
          pvm psc check [file|dir] [flags]

        Flags:
              --dump-ast        Dump AST structure for debugging
          -h, --help            help for check
          -r, --recursive       Recursively check directories
          -i, --show-inferred   Show inferred types
          -s, --strict          Exit with non-zero status if type errors are found
          -v, --verbose         Verbose output

        Global Flags:
          -d, --debug   Enable debug mode

        2025-06-13T17:00:26Z [ERROR] [pvm] System error: SYS-007: Failed to check file (System Error)
          Location: /tmp/pvm-e2e-test-TestPSCRoundTripConsistency-2731665138/roundtrip_original.pl
          Cause: symbol binding failed: symbol 'Int' already declared in this scope
    psc_test.go:268: Checking stripped version...

DONE 2835 tests, 84 skipped, 47 failures in 34.559s

📊 TEST SUMMARY REPORT
======================
📈 OVERALL STATISTICS
Total Tests:   2835
✅ Passed:     2704 (95.4%)
❌ Failed:     47 (1.7%)
⏭️  Skipped:    84 (3.0%)

📦 FAILURE BREAKDOWN BY PACKAGE

🔸 tamarou.com/pvm/test/e2e
   Failed: 20/100 tests
   • TestComprehensiveIntegration_LegacyMigration
   • TestComprehensiveIntegration_ErrorHandling
   • TestComprehensiveIntegration_BackwardCompatibility
   • TestCrossComponentIntegration_EndToEnd
   • TestLSPIntegration_BasicFunctionality
   ... and 15 more failures

🔸 tamarou.com/pvm/internal/parser
   Failed: 16/908 tests
   • TestComplexTypeErrorRecovery/Unclosed_nested_brackets
   • TestComplexTypeErrorRecovery
   • TestRunUntypedPerlMarkdownTests/subroutines_basic_subroutine_definitions
   • TestRunUntypedPerlMarkdownTests/subroutines_complex_subroutines
   • TestRunUntypedPerlMarkdownTests/variables_variable_edge_cases
   ... and 11 more failures

🔸 tamarou.com/pvm/internal/psc
   Failed: 3/96 tests
   • TestCheckCommandWorkflow/Mixed_typed_and_untyped_code
   • TestCheckCommandWorkflow
   • TestGenerateTypeDefinition

🔸 tamarou.com/pvm/internal/mcp/tools
   Failed: 3/115 tests
   • TestCodeAnalyzer_WithAutoFix
   • TestProjectAnalyzer_AnalyzeProject
   • TestProjectAnalyzer_GetProjectSummary

🔸 tamarou.com/pvm/internal/typechecker
   Failed: 3/159 tests
   • TestTypeChecker_SpecificBaselines/simple_types
   • TestTypeChecker_SpecificBaselines/function_types
   • TestTypeChecker_SpecificBaselines

🔸 tamarou.com/pvm/internal/mcp/validation
   Failed: 2/19 tests
   • TestValidator_ValidateCode/code_with_missing_sigil
   • TestValidator_ValidateCode

🎯 PRIORITY FOCUS AREAS
1. tamarou.com/pvm/test/e2e (20 failures) - Start here
2. tamarou.com/pvm/internal/parser (16 failures)
3. tamarou.com/pvm/internal/psc (3 failures)

📊 PROGRESS TRACKING
🟢 Excellent: 1.7% failure rate (Very close to 100% pass rate!)

💡 TIP: Run 'make test-full' for comprehensive testing
💡 TIP: Run 'go test -v ./path/to/package -run TestName' for specific test debugging
make: *** [Makefile:82: test] Error 1
