AST {
  Path:
  Source length: 123 characters
  Root: source_file
  Tree Structure:
  source_file
    sub_decl
      block_stmt
        token
        expression_stmt
          literal
        token
        expression_stmt
          literal
        token
        token
    sub_decl
      block_stmt
        token
        expression_stmt
          literal
        token
        token
}
